12 [140414198441856] INFO perfrun.launcher <> - Launcher main begin
14 [140414198441856] INFO perfrun.launcher <> - MessageCatalogInit finished
14 [140414198441856] INFO perfrun.launcher <> - Launcher instance created
14 [140414198441856] INFO perfrun.launcher <> - argc = 6; cmdline = /home/intel/oneapi/vtune/2021.1.1/bin64/amplxe-runss -dump-vdso -r /tmp/amplxe-tmp-emlazuta/amplxe-res-3464624-13067705351352764 --tmp-dir /tmp/amplxe-tmp-emlazuta 
25 [140414198441856] INFO perfrun.launcher <> - plugin remoteplug has been added successfully
25 [140414198441856] INFO perfrun.launcher <> - plugin system has been added successfully
25 [140414198441856] INFO perfrun.launcher <> - plugin vdso has been added successfully
25 [140414198441856] INFO perfrun.launcher <> - plugin itt has been added successfully
25 [140414198441856] INFO perfrun.launcher <> - plugin ptracecollector has been added successfully
25 [140414198441856] INFO perfrun.launcher <> - plugin gpu has been added successfully
25 [140414198441856] INFO perfrun.launcher <> - plugin  has been added successfully
25 [140414198441856] INFO perfrun.launcher <> - plugin  has been added successfully
25 [140414198441856] INFO perfrun.launcher <> - plugin  has been added successfully
25 [140414198441856] INFO perfrun.launcher <> - plugin mrte has been added successfully
25 [140414198441856] INFO perfrun.launcher <> - plugin emon has been added successfully
25 [140414198441856] INFO perfrun.launcher <> - plugin cuscol has been added successfully
26 [140414198441856] INFO perfrun.launcher <> - plugin stdsrc has been added successfully
26 [140414198441856] INFO perfrun.launcher <> - plugin sep has been added successfully
26 [140414198441856] INFO perfrun.launcher <> - plugin vtsspp has been added successfully
26 [140414198441856] INFO perfrun.sdk <> - Reading value (-1) from file: /proc/sys/kernel/perf_event_paranoid
26 [140414198441856] INFO perfrun.perfcollector <> - checking access to: /home/intel/oneapi/vtune/2021.1.1/bin64/amplxe-perf-priv
30 [140414198441856] INFO perfrun.perfcollector <> - cpu: family = 6 model = 63
30 [140414198441856] INFO perfrun.perfcollector <> - dir found : /sys/bus/event_source/devices/software
30 [140414198441856] WARN perfrun.perfcollector <> - format subdir doesn't exist, at file: vcs/perfrun1/plugins/perfcollector/src/controller.cpp:725
30 [140414198441856] WARN perfrun.perfcollector <> - pmu hwInfo is not set, at file: vcs/perfrun1/plugins/perfcollector/src/controller.cpp:819
30 [140414198441856] INFO perfrun.perfcollector <> - pmu added : family : software , id : 0
30 [140414198441856] INFO perfrun.perfcollector <> - dir found : /sys/bus/event_source/devices/uncore_imc_5
30 [140414198441856] INFO perfrun.perfcollector <> - format: event config:0-7 mask:0-7
30 [140414198441856] INFO perfrun.perfcollector <> - format: edge config:18 mask:18
30 [140414198441856] INFO perfrun.perfcollector <> - format: inv config:23 mask:23
30 [140414198441856] INFO perfrun.perfcollector <> - format: umask config:8-15 mask:8-15
30 [140414198441856] INFO perfrun.perfcollector <> - format: thresh config:24-31 mask:24-31
30 [140414198441856] INFO perfrun.perfcollector <> - hwInfo : PERF_IMC_PMU_DETAILS
30 [140414198441856] INFO perfrun.perfcollector <> - pmu added : family : uncore_imc , id : 5
30 [140414198441856] INFO perfrun.perfcollector <> - dir found : /sys/bus/event_source/devices/uncore_sbox_2
30 [140414198441856] INFO perfrun.perfcollector <> - format: event config:0-7 mask:0-7
30 [140414198441856] INFO perfrun.perfcollector <> - format: edge config:18 mask:18
30 [140414198441856] INFO perfrun.perfcollector <> - format: inv config:23 mask:23
30 [140414198441856] INFO perfrun.perfcollector <> - format: umask config:8-15 mask:8-15
30 [140414198441856] INFO perfrun.perfcollector <> - format: tid_en config:19 mask:19
30 [140414198441856] INFO perfrun.perfcollector <> - format: thresh config:24-31 mask:24-31
30 [140414198441856] WARN perfrun.perfcollector <> - pmu hwInfo is not set, at file: vcs/perfrun1/plugins/perfcollector/src/controller.cpp:819
30 [140414198441856] INFO perfrun.perfcollector <> - pmu added : family : uncore_sbox , id : 2
30 [140414198441856] INFO perfrun.perfcollector <> - dir found : /sys/bus/event_source/devices/uncore_cbox_8
30 [140414198441856] INFO perfrun.perfcollector <> - format: event config:0-7 mask:0-7
30 [140414198441856] INFO perfrun.perfcollector <> - format: filter_link config1:6-8 mask:6-8
30 [140414198441856] INFO perfrun.perfcollector <> - format: filter_c6 config1:61 mask:61
30 [140414198441856] INFO perfrun.perfcollector <> - format: edge config:18 mask:18
30 [140414198441856] INFO perfrun.perfcollector <> - format: filter_isoc config1:63 mask:63
30 [140414198441856] INFO perfrun.perfcollector <> - format: filter_tid config1:0-5 mask:0-5
30 [140414198441856] INFO perfrun.perfcollector <> - format: filter_nid config1:32-47 mask:32-47
30 [140414198441856] INFO perfrun.perfcollector <> - format: filter_nc config1:62 mask:62
30 [140414198441856] INFO perfrun.perfcollector <> - format: umask config:8-15 mask:8-15
30 [140414198441856] INFO perfrun.perfcollector <> - format: tid_en config:19 mask:19
30 [140414198441856] INFO perfrun.perfcollector <> - format: thresh config:24-31 mask:24-31
30 [140414198441856] INFO perfrun.perfcollector <> - format: filter_state config1:17-23 mask:17-23
30 [140414198441856] INFO perfrun.perfcollector <> - format: filter_opc config1:52-60 mask:52-60
30 [140414198441856] WARN perfrun.perfcollector <> - pmu hwInfo is not set, at file: vcs/perfrun1/plugins/perfcollector/src/controller.cpp:819
30 [140414198441856] INFO perfrun.perfcollector <> - pmu added : family : uncore_cbox , id : 8
31 [140414198441856] INFO perfrun.perfcollector <> - dir found : /sys/bus/event_source/devices/uncore_r2pcie
31 [140414198441856] INFO perfrun.perfcollector <> - format: event config:0-7 mask:0-7
31 [140414198441856] INFO perfrun.perfcollector <> - format: edge config:18 mask:18
31 [140414198441856] INFO perfrun.perfcollector <> - format: inv config:23 mask:23
31 [140414198441856] INFO perfrun.perfcollector <> - format: umask config:8-15 mask:8-15
31 [140414198441856] INFO perfrun.perfcollector <> - format: thresh config:24-31 mask:24-31
31 [140414198441856] WARN perfrun.perfcollector <> - pmu hwInfo is not set, at file: vcs/perfrun1/plugins/perfcollector/src/controller.cpp:819
31 [140414198441856] INFO perfrun.perfcollector <> - pmu added : family : uncore_r2pcie , id : 0
31 [140414198441856] INFO perfrun.perfcollector <> - dir found : /sys/bus/event_source/devices/uncore_sbox_0
31 [140414198441856] INFO perfrun.perfcollector <> - format: event config:0-7 mask:0-7
31 [140414198441856] INFO perfrun.perfcollector <> - format: edge config:18 mask:18
31 [140414198441856] INFO perfrun.perfcollector <> - format: inv config:23 mask:23
31 [140414198441856] INFO perfrun.perfcollector <> - format: umask config:8-15 mask:8-15
31 [140414198441856] INFO perfrun.perfcollector <> - format: tid_en config:19 mask:19
31 [140414198441856] INFO perfrun.perfcollector <> - format: thresh config:24-31 mask:24-31
31 [140414198441856] WARN perfrun.perfcollector <> - pmu hwInfo is not set, at file: vcs/perfrun1/plugins/perfcollector/src/controller.cpp:819
31 [140414198441856] INFO perfrun.perfcollector <> - pmu added : family : uncore_sbox , id : 0
31 [140414198441856] INFO perfrun.perfcollector <> - dir found : /sys/bus/event_source/devices/uncore_cbox_6
31 [140414198441856] INFO perfrun.perfcollector <> - format: event config:0-7 mask:0-7
31 [140414198441856] INFO perfrun.perfcollector <> - format: filter_link config1:6-8 mask:6-8
31 [140414198441856] INFO perfrun.perfcollector <> - format: filter_c6 config1:61 mask:61
31 [140414198441856] INFO perfrun.perfcollector <> - format: edge config:18 mask:18
31 [140414198441856] INFO perfrun.perfcollector <> - format: filter_isoc config1:63 mask:63
31 [140414198441856] INFO perfrun.perfcollector <> - format: filter_tid config1:0-5 mask:0-5
31 [140414198441856] INFO perfrun.perfcollector <> - format: filter_nid config1:32-47 mask:32-47
31 [140414198441856] INFO perfrun.perfcollector <> - format: filter_nc config1:62 mask:62
31 [140414198441856] INFO perfrun.perfcollector <> - format: umask config:8-15 mask:8-15
31 [140414198441856] INFO perfrun.perfcollector <> - format: tid_en config:19 mask:19
31 [140414198441856] INFO perfrun.perfcollector <> - format: thresh config:24-31 mask:24-31
31 [140414198441856] INFO perfrun.perfcollector <> - format: filter_state config1:17-23 mask:17-23
31 [140414198441856] INFO perfrun.perfcollector <> - format: filter_opc config1:52-60 mask:52-60
31 [140414198441856] WARN perfrun.perfcollector <> - pmu hwInfo is not set, at file: vcs/perfrun1/plugins/perfcollector/src/controller.cpp:819
31 [140414198441856] INFO perfrun.perfcollector <> - pmu added : family : uncore_cbox , id : 6
31 [140414198441856] INFO perfrun.perfcollector <> - dir found : /sys/bus/event_source/devices/uncore_imc_1
31 [140414198441856] INFO perfrun.perfcollector <> - format: event config:0-7 mask:0-7
31 [140414198441856] INFO perfrun.perfcollector <> - format: edge config:18 mask:18
31 [140414198441856] INFO perfrun.perfcollector <> - format: inv config:23 mask:23
32 [140414198441856] INFO perfrun.perfcollector <> - format: umask config:8-15 mask:8-15
32 [140414198441856] INFO perfrun.perfcollector <> - format: thresh config:24-31 mask:24-31
32 [140414198441856] INFO perfrun.perfcollector <> - hwInfo : PERF_IMC_PMU_DETAILS
32 [140414198441856] INFO perfrun.perfcollector <> - pmu added : family : uncore_imc , id : 1
32 [140414198441856] INFO perfrun.perfcollector <> - dir found : /sys/bus/event_source/devices/power
32 [140414198441856] INFO perfrun.perfcollector <> - format: event config:0-7 mask:0-7
32 [140414198441856] WARN perfrun.perfcollector <> - pmu hwInfo is not set, at file: vcs/perfrun1/plugins/perfcollector/src/controller.cpp:819
32 [140414198441856] INFO perfrun.perfcollector <> - pmu added : family : power , id : 0
32 [140414198441856] INFO perfrun.perfcollector <> - dir found : /sys/bus/event_source/devices/uncore_cbox_4
32 [140414198441856] INFO perfrun.perfcollector <> - format: event config:0-7 mask:0-7
32 [140414198441856] INFO perfrun.perfcollector <> - format: filter_link config1:6-8 mask:6-8
32 [140414198441856] INFO perfrun.perfcollector <> - format: filter_c6 config1:61 mask:61
32 [140414198441856] INFO perfrun.perfcollector <> - format: edge config:18 mask:18
32 [140414198441856] INFO perfrun.perfcollector <> - format: filter_isoc config1:63 mask:63
32 [140414198441856] INFO perfrun.perfcollector <> - format: filter_tid config1:0-5 mask:0-5
32 [140414198441856] INFO perfrun.perfcollector <> - format: filter_nid config1:32-47 mask:32-47
32 [140414198441856] INFO perfrun.perfcollector <> - format: filter_nc config1:62 mask:62
32 [140414198441856] INFO perfrun.perfcollector <> - format: umask config:8-15 mask:8-15
32 [140414198441856] INFO perfrun.perfcollector <> - format: tid_en config:19 mask:19
32 [140414198441856] INFO perfrun.perfcollector <> - format: thresh config:24-31 mask:24-31
32 [140414198441856] INFO perfrun.perfcollector <> - format: filter_state config1:17-23 mask:17-23
32 [140414198441856] INFO perfrun.perfcollector <> - format: filter_opc config1:52-60 mask:52-60
32 [140414198441856] WARN perfrun.perfcollector <> - pmu hwInfo is not set, at file: vcs/perfrun1/plugins/perfcollector/src/controller.cpp:819
32 [140414198441856] INFO perfrun.perfcollector <> - pmu added : family : uncore_cbox , id : 4
32 [140414198441856] INFO perfrun.perfcollector <> - dir found : /sys/bus/event_source/devices/uprobe
32 [140414198441856] INFO perfrun.perfcollector <> - format: ref_ctr_offset config:32-63 mask:32-63
32 [140414198441856] INFO perfrun.perfcollector <> - format: retprobe config:0 mask:0
32 [140414198441856] WARN perfrun.perfcollector <> - pmu hwInfo is not set, at file: vcs/perfrun1/plugins/perfcollector/src/controller.cpp:819
32 [140414198441856] INFO perfrun.perfcollector <> - pmu added : family : uprobe , id : 0
32 [140414198441856] INFO perfrun.perfcollector <> - dir found : /sys/bus/event_source/devices/cpu
32 [140414198441856] INFO perfrun.perfcollector <> - format: event config:0-7 mask:0-7
32 [140414198441856] INFO perfrun.perfcollector <> - format: pc config:19 mask:19
32 [140414198441856] INFO perfrun.perfcollector <> - format: edge config:18 mask:18
32 [140414198441856] INFO perfrun.perfcollector <> - format: any config:21 mask:21
32 [140414198441856] INFO perfrun.perfcollector <> - format: offcore_rsp config1:0-63 mask:0-63
32 [140414198441856] INFO perfrun.perfcollector <> - format: ldlat config1:0-15 mask:0-15
32 [140414198441856] INFO perfrun.perfcollector <> - format: inv config:23 mask:23
32 [140414198441856] INFO perfrun.perfcollector <> - format: umask config:8-15 mask:8-15
32 [140414198441856] INFO perfrun.perfcollector <> - format: cmask config:24-31 mask:24-31
32 [140414198441856] INFO perfrun.perfcollector <> - hwInfo : PERF_CPU_PMU_DETAILS
32 [140414198441856] INFO perfrun.perfcollector <> - pmu added : family : cpu , id : 0
32 [140414198441856] INFO perfrun.perfcollector <> - dir found : /sys/bus/event_source/devices/uncore_r3qpi_0
33 [140414198441856] INFO perfrun.perfcollector <> - format: event config:0-7 mask:0-7
33 [140414198441856] INFO perfrun.perfcollector <> - format: edge config:18 mask:18
33 [140414198441856] INFO perfrun.perfcollector <> - format: inv config:23 mask:23
33 [140414198441856] INFO perfrun.perfcollector <> - format: umask config:8-15 mask:8-15
33 [140414198441856] INFO perfrun.perfcollector <> - format: thresh config:24-31 mask:24-31
33 [140414198441856] WARN perfrun.perfcollector <> - pmu hwInfo is not set, at file: vcs/perfrun1/plugins/perfcollector/src/controller.cpp:819
33 [140414198441856] INFO perfrun.perfcollector <> - pmu added : family : uncore_r3qpi , id : 0
33 [140414198441856] INFO perfrun.perfcollector <> - dir found : /sys/bus/event_source/devices/cstate_core
33 [140414198441856] INFO perfrun.perfcollector <> - format: event config:0-63 mask:0-63
33 [140414198441856] WARN perfrun.perfcollector <> - pmu hwInfo is not set, at file: vcs/perfrun1/plugins/perfcollector/src/controller.cpp:819
33 [140414198441856] INFO perfrun.perfcollector <> - pmu added : family : cstate_core , id : 0
33 [140414198441856] INFO perfrun.perfcollector <> - dir found : /sys/bus/event_source/devices/uncore_cbox_2
33 [140414198441856] INFO perfrun.perfcollector <> - format: event config:0-7 mask:0-7
33 [140414198441856] INFO perfrun.perfcollector <> - format: filter_link config1:6-8 mask:6-8
33 [140414198441856] INFO perfrun.perfcollector <> - format: filter_c6 config1:61 mask:61
33 [140414198441856] INFO perfrun.perfcollector <> - format: edge config:18 mask:18
33 [140414198441856] INFO perfrun.perfcollector <> - format: filter_isoc config1:63 mask:63
33 [140414198441856] INFO perfrun.perfcollector <> - format: filter_tid config1:0-5 mask:0-5
33 [140414198441856] INFO perfrun.perfcollector <> - format: filter_nid config1:32-47 mask:32-47
33 [140414198441856] INFO perfrun.perfcollector <> - format: filter_nc config1:62 mask:62
33 [140414198441856] INFO perfrun.perfcollector <> - format: umask config:8-15 mask:8-15
33 [140414198441856] INFO perfrun.perfcollector <> - format: tid_en config:19 mask:19
33 [140414198441856] INFO perfrun.perfcollector <> - format: thresh config:24-31 mask:24-31
33 [140414198441856] INFO perfrun.perfcollector <> - format: filter_state config1:17-23 mask:17-23
33 [140414198441856] INFO perfrun.perfcollector <> - format: filter_opc config1:52-60 mask:52-60
33 [140414198441856] WARN perfrun.perfcollector <> - pmu hwInfo is not set, at file: vcs/perfrun1/plugins/perfcollector/src/controller.cpp:819
33 [140414198441856] INFO perfrun.perfcollector <> - pmu added : family : uncore_cbox , id : 2
33 [140414198441856] INFO perfrun.perfcollector <> - dir found : /sys/bus/event_source/devices/breakpoint
33 [140414198441856] WARN perfrun.perfcollector <> - format subdir doesn't exist, at file: vcs/perfrun1/plugins/perfcollector/src/controller.cpp:725
33 [140414198441856] WARN perfrun.perfcollector <> - pmu hwInfo is not set, at file: vcs/perfrun1/plugins/perfcollector/src/controller.cpp:819
33 [140414198441856] INFO perfrun.perfcollector <> - pmu added : family : breakpoint , id : 0
33 [140414198441856] INFO perfrun.perfcollector <> - dir found : /sys/bus/event_source/devices/uncore_ha_0
33 [140414198441856] INFO perfrun.perfcollector <> - format: event config:0-7 mask:0-7
33 [140414198441856] INFO perfrun.perfcollector <> - format: edge config:18 mask:18
33 [140414198441856] INFO perfrun.perfcollector <> - format: inv config:23 mask:23
33 [140414198441856] INFO perfrun.perfcollector <> - format: umask config:8-15 mask:8-15
33 [140414198441856] INFO perfrun.perfcollector <> - format: thresh config:24-31 mask:24-31
33 [140414198441856] WARN perfrun.perfcollector <> - pmu hwInfo is not set, at file: vcs/perfrun1/plugins/perfcollector/src/controller.cpp:819
33 [140414198441856] INFO perfrun.perfcollector <> - pmu added : family : uncore_ha , id : 0
33 [140414198441856] INFO perfrun.perfcollector <> - dir found : /sys/bus/event_source/devices/uncore_cbox_0
33 [140414198441856] INFO perfrun.perfcollector <> - format: event config:0-7 mask:0-7
33 [140414198441856] INFO perfrun.perfcollector <> - format: filter_link config1:6-8 mask:6-8
33 [140414198441856] INFO perfrun.perfcollector <> - format: filter_c6 config1:61 mask:61
33 [140414198441856] INFO perfrun.perfcollector <> - format: edge config:18 mask:18
34 [140414198441856] INFO perfrun.perfcollector <> - format: filter_isoc config1:63 mask:63
34 [140414198441856] INFO perfrun.perfcollector <> - format: filter_tid config1:0-5 mask:0-5
34 [140414198441856] INFO perfrun.perfcollector <> - format: filter_nid config1:32-47 mask:32-47
34 [140414198441856] INFO perfrun.perfcollector <> - format: filter_nc config1:62 mask:62
34 [140414198441856] INFO perfrun.perfcollector <> - format: umask config:8-15 mask:8-15
34 [140414198441856] INFO perfrun.perfcollector <> - format: tid_en config:19 mask:19
34 [140414198441856] INFO perfrun.perfcollector <> - format: thresh config:24-31 mask:24-31
34 [140414198441856] INFO perfrun.perfcollector <> - format: filter_state config1:17-23 mask:17-23
34 [140414198441856] INFO perfrun.perfcollector <> - format: filter_opc config1:52-60 mask:52-60
34 [140414198441856] WARN perfrun.perfcollector <> - pmu hwInfo is not set, at file: vcs/perfrun1/plugins/perfcollector/src/controller.cpp:819
34 [140414198441856] INFO perfrun.perfcollector <> - pmu added : family : uncore_cbox , id : 0
34 [140414198441856] INFO perfrun.perfcollector <> - dir found : /sys/bus/event_source/devices/tracepoint
34 [140414198441856] WARN perfrun.perfcollector <> - format subdir doesn't exist, at file: vcs/perfrun1/plugins/perfcollector/src/controller.cpp:725
34 [140414198441856] WARN perfrun.perfcollector <> - pmu hwInfo is not set, at file: vcs/perfrun1/plugins/perfcollector/src/controller.cpp:819
34 [140414198441856] INFO perfrun.perfcollector <> - pmu added : family : tracepoint , id : 0
34 [140414198441856] INFO perfrun.perfcollector <> - dir found : /sys/bus/event_source/devices/uncore_sbox_3
34 [140414198441856] INFO perfrun.perfcollector <> - format: event config:0-7 mask:0-7
34 [140414198441856] INFO perfrun.perfcollector <> - format: edge config:18 mask:18
34 [140414198441856] INFO perfrun.perfcollector <> - format: inv config:23 mask:23
34 [140414198441856] INFO perfrun.perfcollector <> - format: umask config:8-15 mask:8-15
34 [140414198441856] INFO perfrun.perfcollector <> - format: tid_en config:19 mask:19
34 [140414198441856] INFO perfrun.perfcollector <> - format: thresh config:24-31 mask:24-31
34 [140414198441856] WARN perfrun.perfcollector <> - pmu hwInfo is not set, at file: vcs/perfrun1/plugins/perfcollector/src/controller.cpp:819
34 [140414198441856] INFO perfrun.perfcollector <> - pmu added : family : uncore_sbox , id : 3
34 [140414198441856] INFO perfrun.perfcollector <> - dir found : /sys/bus/event_source/devices/uncore_cbox_9
34 [140414198441856] INFO perfrun.perfcollector <> - format: event config:0-7 mask:0-7
34 [140414198441856] INFO perfrun.perfcollector <> - format: filter_link config1:6-8 mask:6-8
34 [140414198441856] INFO perfrun.perfcollector <> - format: filter_c6 config1:61 mask:61
34 [140414198441856] INFO perfrun.perfcollector <> - format: edge config:18 mask:18
34 [140414198441856] INFO perfrun.perfcollector <> - format: filter_isoc config1:63 mask:63
34 [140414198441856] INFO perfrun.perfcollector <> - format: filter_tid config1:0-5 mask:0-5
34 [140414198441856] INFO perfrun.perfcollector <> - format: filter_nid config1:32-47 mask:32-47
34 [140414198441856] INFO perfrun.perfcollector <> - format: filter_nc config1:62 mask:62
34 [140414198441856] INFO perfrun.perfcollector <> - format: umask config:8-15 mask:8-15
34 [140414198441856] INFO perfrun.perfcollector <> - format: tid_en config:19 mask:19
34 [140414198441856] INFO perfrun.perfcollector <> - format: thresh config:24-31 mask:24-31
34 [140414198441856] INFO perfrun.perfcollector <> - format: filter_state config1:17-23 mask:17-23
34 [140414198441856] INFO perfrun.perfcollector <> - format: filter_opc config1:52-60 mask:52-60
34 [140414198441856] WARN perfrun.perfcollector <> - pmu hwInfo is not set, at file: vcs/perfrun1/plugins/perfcollector/src/controller.cpp:819
34 [140414198441856] INFO perfrun.perfcollector <> - pmu added : family : uncore_cbox , id : 9
34 [140414198441856] INFO perfrun.perfcollector <> - dir found : /sys/bus/event_source/devices/cstate_pkg
34 [140414198441856] INFO perfrun.perfcollector <> - format: event config:0-63 mask:0-63
34 [140414198441856] WARN perfrun.perfcollector <> - pmu hwInfo is not set, at file: vcs/perfrun1/plugins/perfcollector/src/controller.cpp:819
34 [140414198441856] INFO perfrun.perfcollector <> - pmu added : family : cstate_pkg , id : 0
34 [140414198441856] INFO perfrun.perfcollector <> - dir found : /sys/bus/event_source/devices/uncore_imc_4
35 [140414198441856] INFO perfrun.perfcollector <> - format: event config:0-7 mask:0-7
35 [140414198441856] INFO perfrun.perfcollector <> - format: edge config:18 mask:18
35 [140414198441856] INFO perfrun.perfcollector <> - format: inv config:23 mask:23
35 [140414198441856] INFO perfrun.perfcollector <> - format: umask config:8-15 mask:8-15
35 [140414198441856] INFO perfrun.perfcollector <> - format: thresh config:24-31 mask:24-31
35 [140414198441856] INFO perfrun.perfcollector <> - hwInfo : PERF_IMC_PMU_DETAILS
35 [140414198441856] INFO perfrun.perfcollector <> - pmu added : family : uncore_imc , id : 4
35 [140414198441856] INFO perfrun.perfcollector <> - dir found : /sys/bus/event_source/devices/uncore_ubox
35 [140414198441856] INFO perfrun.perfcollector <> - format: event config:0-7 mask:0-7
35 [140414198441856] INFO perfrun.perfcollector <> - format: edge config:18 mask:18
35 [140414198441856] INFO perfrun.perfcollector <> - format: filter_tid config1:0 mask:0
35 [140414198441856] INFO perfrun.perfcollector <> - format: inv config:23 mask:23
35 [140414198441856] INFO perfrun.perfcollector <> - format: umask config:8-15 mask:8-15
35 [140414198441856] INFO perfrun.perfcollector <> - format: thresh config:24-28 mask:24-28
35 [140414198441856] INFO perfrun.perfcollector <> - format: filter_cid config1:5 mask:5
35 [140414198441856] WARN perfrun.perfcollector <> - pmu hwInfo is not set, at file: vcs/perfrun1/plugins/perfcollector/src/controller.cpp:819
35 [140414198441856] INFO perfrun.perfcollector <> - pmu added : family : uncore_ubox , id : 0
35 [140414198441856] INFO perfrun.perfcollector <> - dir found : /sys/bus/event_source/devices/uncore_sbox_1
35 [140414198441856] INFO perfrun.perfcollector <> - format: event config:0-7 mask:0-7
35 [140414198441856] INFO perfrun.perfcollector <> - format: edge config:18 mask:18
35 [140414198441856] INFO perfrun.perfcollector <> - format: inv config:23 mask:23
35 [140414198441856] INFO perfrun.perfcollector <> - format: umask config:8-15 mask:8-15
35 [140414198441856] INFO perfrun.perfcollector <> - format: tid_en config:19 mask:19
35 [140414198441856] INFO perfrun.perfcollector <> - format: thresh config:24-31 mask:24-31
35 [140414198441856] WARN perfrun.perfcollector <> - pmu hwInfo is not set, at file: vcs/perfrun1/plugins/perfcollector/src/controller.cpp:819
35 [140414198441856] INFO perfrun.perfcollector <> - pmu added : family : uncore_sbox , id : 1
35 [140414198441856] INFO perfrun.perfcollector <> - dir found : /sys/bus/event_source/devices/uncore_cbox_7
35 [140414198441856] INFO perfrun.perfcollector <> - format: event config:0-7 mask:0-7
35 [140414198441856] INFO perfrun.perfcollector <> - format: filter_link config1:6-8 mask:6-8
35 [140414198441856] INFO perfrun.perfcollector <> - format: filter_c6 config1:61 mask:61
35 [140414198441856] INFO perfrun.perfcollector <> - format: edge config:18 mask:18
35 [140414198441856] INFO perfrun.perfcollector <> - format: filter_isoc config1:63 mask:63
35 [140414198441856] INFO perfrun.perfcollector <> - format: filter_tid config1:0-5 mask:0-5
35 [140414198441856] INFO perfrun.perfcollector <> - format: filter_nid config1:32-47 mask:32-47
35 [140414198441856] INFO perfrun.perfcollector <> - format: filter_nc config1:62 mask:62
35 [140414198441856] INFO perfrun.perfcollector <> - format: umask config:8-15 mask:8-15
35 [140414198441856] INFO perfrun.perfcollector <> - format: tid_en config:19 mask:19
35 [140414198441856] INFO perfrun.perfcollector <> - format: thresh config:24-31 mask:24-31
35 [140414198441856] INFO perfrun.perfcollector <> - format: filter_state config1:17-23 mask:17-23
35 [140414198441856] INFO perfrun.perfcollector <> - format: filter_opc config1:52-60 mask:52-60
35 [140414198441856] WARN perfrun.perfcollector <> - pmu hwInfo is not set, at file: vcs/perfrun1/plugins/perfcollector/src/controller.cpp:819
36 [140414198441856] INFO perfrun.perfcollector <> - pmu added : family : uncore_cbox , id : 7
36 [140414198441856] INFO perfrun.perfcollector <> - dir found : /sys/bus/event_source/devices/kprobe
36 [140414198441856] INFO perfrun.perfcollector <> - format: retprobe config:0 mask:0
36 [140414198441856] WARN perfrun.perfcollector <> - pmu hwInfo is not set, at file: vcs/perfrun1/plugins/perfcollector/src/controller.cpp:819
36 [140414198441856] INFO perfrun.perfcollector <> - pmu added : family : kprobe , id : 0
36 [140414198441856] INFO perfrun.perfcollector <> - dir found : /sys/bus/event_source/devices/uncore_cbox_5
36 [140414198441856] INFO perfrun.perfcollector <> - format: event config:0-7 mask:0-7
36 [140414198441856] INFO perfrun.perfcollector <> - format: filter_link config1:6-8 mask:6-8
36 [140414198441856] INFO perfrun.perfcollector <> - format: filter_c6 config1:61 mask:61
36 [140414198441856] INFO perfrun.perfcollector <> - format: edge config:18 mask:18
36 [140414198441856] INFO perfrun.perfcollector <> - format: filter_isoc config1:63 mask:63
36 [140414198441856] INFO perfrun.perfcollector <> - format: filter_tid config1:0-5 mask:0-5
36 [140414198441856] INFO perfrun.perfcollector <> - format: filter_nid config1:32-47 mask:32-47
36 [140414198441856] INFO perfrun.perfcollector <> - format: filter_nc config1:62 mask:62
36 [140414198441856] INFO perfrun.perfcollector <> - format: umask config:8-15 mask:8-15
36 [140414198441856] INFO perfrun.perfcollector <> - format: tid_en config:19 mask:19
36 [140414198441856] INFO perfrun.perfcollector <> - format: thresh config:24-31 mask:24-31
36 [140414198441856] INFO perfrun.perfcollector <> - format: filter_state config1:17-23 mask:17-23
36 [140414198441856] INFO perfrun.perfcollector <> - format: filter_opc config1:52-60 mask:52-60
36 [140414198441856] WARN perfrun.perfcollector <> - pmu hwInfo is not set, at file: vcs/perfrun1/plugins/perfcollector/src/controller.cpp:819
36 [140414198441856] INFO perfrun.perfcollector <> - pmu added : family : uncore_cbox , id : 5
36 [140414198441856] INFO perfrun.perfcollector <> - dir found : /sys/bus/event_source/devices/uncore_imc_0
36 [140414198441856] INFO perfrun.perfcollector <> - format: event config:0-7 mask:0-7
36 [140414198441856] INFO perfrun.perfcollector <> - format: edge config:18 mask:18
36 [140414198441856] INFO perfrun.perfcollector <> - format: inv config:23 mask:23
36 [140414198441856] INFO perfrun.perfcollector <> - format: umask config:8-15 mask:8-15
36 [140414198441856] INFO perfrun.perfcollector <> - format: thresh config:24-31 mask:24-31
36 [140414198441856] INFO perfrun.perfcollector <> - hwInfo : PERF_IMC_PMU_DETAILS
36 [140414198441856] INFO perfrun.perfcollector <> - pmu added : family : uncore_imc , id : 0
36 [140414198441856] INFO perfrun.perfcollector <> - dir found : /sys/bus/event_source/devices/uncore_pcu
36 [140414198441856] INFO perfrun.perfcollector <> - format: filter_band2 config1:16-23 mask:16-23
36 [140414198441856] INFO perfrun.perfcollector <> - format: event config:0-7 mask:0-7
36 [140414198441856] INFO perfrun.perfcollector <> - format: filter_band0 config1:0-7 mask:0-7
36 [140414198441856] INFO perfrun.perfcollector <> - format: edge config:18 mask:18
36 [140414198441856] INFO perfrun.perfcollector <> - format: occ_invert config:30 mask:30
36 [140414198441856] INFO perfrun.perfcollector <> - format: occ_edge config:14-51 mask:14-51
36 [140414198441856] INFO perfrun.perfcollector <> - format: filter_band3 config1:24-31 mask:24-31
36 [140414198441856] INFO perfrun.perfcollector <> - format: filter_band1 config1:8-15 mask:8-15
36 [140414198441856] INFO perfrun.perfcollector <> - format: inv config:23 mask:23
36 [140414198441856] INFO perfrun.perfcollector <> - format: thresh config:24-28 mask:24-28
36 [140414198441856] INFO perfrun.perfcollector <> - format: occ_sel config:14-15 mask:14-15
36 [140414198441856] WARN perfrun.perfcollector <> - pmu hwInfo is not set, at file: vcs/perfrun1/plugins/perfcollector/src/controller.cpp:819
37 [140414198441856] INFO perfrun.perfcollector <> - pmu added : family : uncore_pcu , id : 0
37 [140414198441856] INFO perfrun.perfcollector <> - dir found : /sys/bus/event_source/devices/uncore_r3qpi_1
37 [140414198441856] INFO perfrun.perfcollector <> - format: event config:0-7 mask:0-7
37 [140414198441856] INFO perfrun.perfcollector <> - format: edge config:18 mask:18
37 [140414198441856] INFO perfrun.perfcollector <> - format: inv config:23 mask:23
37 [140414198441856] INFO perfrun.perfcollector <> - format: umask config:8-15 mask:8-15
37 [140414198441856] INFO perfrun.perfcollector <> - format: thresh config:24-31 mask:24-31
37 [140414198441856] WARN perfrun.perfcollector <> - pmu hwInfo is not set, at file: vcs/perfrun1/plugins/perfcollector/src/controller.cpp:819
37 [140414198441856] INFO perfrun.perfcollector <> - pmu added : family : uncore_r3qpi , id : 1
37 [140414198441856] INFO perfrun.perfcollector <> - dir found : /sys/bus/event_source/devices/msr
37 [140414198441856] INFO perfrun.perfcollector <> - format: event config:0-63 mask:0-63
37 [140414198441856] WARN perfrun.perfcollector <> - pmu hwInfo is not set, at file: vcs/perfrun1/plugins/perfcollector/src/controller.cpp:819
37 [140414198441856] INFO perfrun.perfcollector <> - pmu added : family : msr , id : 0
37 [140414198441856] INFO perfrun.perfcollector <> - dir found : /sys/bus/event_source/devices/uncore_cbox_3
37 [140414198441856] INFO perfrun.perfcollector <> - format: event config:0-7 mask:0-7
37 [140414198441856] INFO perfrun.perfcollector <> - format: filter_link config1:6-8 mask:6-8
37 [140414198441856] INFO perfrun.perfcollector <> - format: filter_c6 config1:61 mask:61
37 [140414198441856] INFO perfrun.perfcollector <> - format: edge config:18 mask:18
37 [140414198441856] INFO perfrun.perfcollector <> - format: filter_isoc config1:63 mask:63
37 [140414198441856] INFO perfrun.perfcollector <> - format: filter_tid config1:0-5 mask:0-5
37 [140414198441856] INFO perfrun.perfcollector <> - format: filter_nid config1:32-47 mask:32-47
37 [140414198441856] INFO perfrun.perfcollector <> - format: filter_nc config1:62 mask:62
37 [140414198441856] INFO perfrun.perfcollector <> - format: umask config:8-15 mask:8-15
37 [140414198441856] INFO perfrun.perfcollector <> - format: tid_en config:19 mask:19
37 [140414198441856] INFO perfrun.perfcollector <> - format: thresh config:24-31 mask:24-31
37 [140414198441856] INFO perfrun.perfcollector <> - format: filter_state config1:17-23 mask:17-23
37 [140414198441856] INFO perfrun.perfcollector <> - format: filter_opc config1:52-60 mask:52-60
37 [140414198441856] WARN perfrun.perfcollector <> - pmu hwInfo is not set, at file: vcs/perfrun1/plugins/perfcollector/src/controller.cpp:819
37 [140414198441856] INFO perfrun.perfcollector <> - pmu added : family : uncore_cbox , id : 3
37 [140414198441856] INFO perfrun.perfcollector <> - dir found : /sys/bus/event_source/devices/uncore_ha_1
37 [140414198441856] INFO perfrun.perfcollector <> - format: event config:0-7 mask:0-7
37 [140414198441856] INFO perfrun.perfcollector <> - format: edge config:18 mask:18
37 [140414198441856] INFO perfrun.perfcollector <> - format: inv config:23 mask:23
37 [140414198441856] INFO perfrun.perfcollector <> - format: umask config:8-15 mask:8-15
37 [140414198441856] INFO perfrun.perfcollector <> - format: thresh config:24-31 mask:24-31
37 [140414198441856] WARN perfrun.perfcollector <> - pmu hwInfo is not set, at file: vcs/perfrun1/plugins/perfcollector/src/controller.cpp:819
37 [140414198441856] INFO perfrun.perfcollector <> - pmu added : family : uncore_ha , id : 1
37 [140414198441856] INFO perfrun.perfcollector <> - dir found : /sys/bus/event_source/devices/uncore_cbox_1
37 [140414198441856] INFO perfrun.perfcollector <> - format: event config:0-7 mask:0-7
37 [140414198441856] INFO perfrun.perfcollector <> - format: filter_link config1:6-8 mask:6-8
37 [140414198441856] INFO perfrun.perfcollector <> - format: filter_c6 config1:61 mask:61
38 [140414198441856] INFO perfrun.perfcollector <> - format: edge config:18 mask:18
38 [140414198441856] INFO perfrun.perfcollector <> - format: filter_isoc config1:63 mask:63
38 [140414198441856] INFO perfrun.perfcollector <> - format: filter_tid config1:0-5 mask:0-5
38 [140414198441856] INFO perfrun.perfcollector <> - format: filter_nid config1:32-47 mask:32-47
38 [140414198441856] INFO perfrun.perfcollector <> - format: filter_nc config1:62 mask:62
38 [140414198441856] INFO perfrun.perfcollector <> - format: umask config:8-15 mask:8-15
38 [140414198441856] INFO perfrun.perfcollector <> - format: tid_en config:19 mask:19
38 [140414198441856] INFO perfrun.perfcollector <> - format: thresh config:24-31 mask:24-31
38 [140414198441856] INFO perfrun.perfcollector <> - format: filter_state config1:17-23 mask:17-23
38 [140414198441856] INFO perfrun.perfcollector <> - format: filter_opc config1:52-60 mask:52-60
38 [140414198441856] WARN perfrun.perfcollector <> - pmu hwInfo is not set, at file: vcs/perfrun1/plugins/perfcollector/src/controller.cpp:819
38 [140414198441856] INFO perfrun.perfcollector <> - pmu added : family : uncore_cbox , id : 1
38 [140414198441856] INFO perfrun.launcher <> - plugin perf has been added successfully
38 [140414198441856] INFO perfrun.launcher <> - plugin aoclprofile has been added successfully
38 [140414198441856] INFO perfrun.launcher <> - plugin tpss has been added successfully
38 [140414198441856] INFO perfrun.launcher <> - plugin exprof has been added successfully
38 [140414198441856] INFO perfrun.launcher <> - plugin media has been added successfully
38 [140414198441856] INFO perfrun.launcher <> - plugin ice has been added successfully
38 [140414198441856] INFO perfrun.launcher <> - plugin  has been added successfully
38 [140414198441856] INFO perfrun.launcher <> - plugin  has been added successfully
38 [140414198441856] INFO perfrun.launcher <> - plugin parallelfs has been added successfully
38 [140414198441856] INFO perfrun.launcher <> - plugin power has been added successfully
38 [140414198441856] INFO perfrun.launcher <> - plugin hwloc has been added successfully
38 [140414198441856] INFO perfrun.launcher <> - plugin ipmwatch has been added successfully
38 [140414198441856] INFO perfrun.launcher <> - plugin os_counters has been added successfully
39 [140414198441856] INFO perfrun.launcher <> - the option was added --interval: Specify an interval of data collection (for example, sampling) in milliseconds.
39 [140414198441856] INFO perfrun.launcher <> - the option was added --follow-child: Profile process with or without children.
39 [140414198441856] INFO perfrun.launcher <> - the option was added --gelding: BADMSG: perfrun1.launcher.plugin_manager::gelding
39 [140414198441856] INFO perfrun.launcher <> - the option was added --time-source: Specify time source for measurement. Possible values: sys - wall clock time; tsc - time stamp counter; ext - time from an external source; auto - auto select accurate time source.
39 [140414198441856] INFO perfrun.launcher <> - the option was added --stack: Enable or disable collection of stacks.
39 [140414198441856] INFO perfrun.launcher <> - the option was added --stack-stitching: Enable or disable the stack stitching algorithm for Intel TBB-based applications.
39 [140414198441856] INFO perfrun.launcher <> - the option was added --type: Specify type of data to be collected. For example, --type cpu:counters,waiting:nostack,io.
39 [140414198441856] INFO perfrun.launcher <> - the option was added --mrte-mode: Specify Java/.NET/other managed runtime collection mode. Possible values: native - collect information only for native code; managed - collect information only for managed code; mixed - collect information for both managed and native code; auto - choose the mode based on binary type.
39 [140414198441856] INFO perfrun.launcher <> - the option was added --mrte-mode-list: List supported Java/.NET/other managed runtime collection modes.
39 [140414198441856] INFO perfrun.launcher <> - the option was added --mrte-type: Specify which managed runtimes to collect. Possible values: java - collect information for Java; dotnet - collect information for .NET; python - collect information for CPython. You can specify several values separated by comma.
39 [140414198441856] INFO perfrun.launcher <> - the option was added --mrte-type-list: List supported Java/.NET/other managed runtime types.
39 [140414198441856] INFO perfrun.launcher <> - the option was added --trace-strategy: Specify how to profile a process tree. <string> can be "<process>:trace:notrace" - profile the process but do not profile its children. Shorthand parameters: t - trace, nt - notrace. For example, "vtunedemo.exe:t:t".
39 [140414198441856] INFO perfrun.launcher <> - the option was added --collector: BADMSG: perfrun1.launcher.plugin_manager::collector
39 [140414198441856] INFO perfrun.launcher <> - the option was added --system-wide: Enable system-wide profiling. This mode may require additional permissions.
39 [140414198441856] INFO perfrun.launcher <> - the option was added --kvm-guest: Enable KVM guest OS profiling.
39 [140414198441856] INFO perfrun.launcher <> - the option was added --kvm-guest-kallsyms: Specify a local path to the /proc/kallsyms file copied from the guest OS for proper symbol resolution.
39 [140414198441856] INFO perfrun.launcher <> - the option was added --kvm-guest-modules: Specify a local path to the /proc/modules file copied from the guest OS for proper symbol resolution.
39 [140414198441856] INFO perfrun.launcher <> - the option was added --bandwidth-limits: Measure bandwidth limits
39 [140414198441856] INFO perfrun.launcher <> - the option was added --acrn-map-info: Collect map info for ACRN
39 [140414198441856] INFO perfrun.launcher <> - the option was added --bandwidth-strategy: Bandwidth limits determination specific properties (example: --bandwidth-strategy array-size=0,duration=500).
39 [140414198441856] INFO perfrun.launcher <> - the option was added --bandwidth-config: List of benchmarks to run.
39 [140414198441856] INFO perfrun.launcher <> - the option was added --target-gpu: target-gpu
39 [140414198441856] INFO perfrun.launcher <> - the option was added --dump-vdso: Dump [vdso] to result directory
39 [140414198441856] INFO perfrun.launcher <> - the option was added --system-collector-config: Specify subcollectors. Possible values: all, container, device-info, none. Specify subcollectors. Possible values: all, vdso.
39 [140414198441856] INFO perfrun.launcher <> - the option was added --itt-config: Specify a sub-set of ITT API to collect.
39 [140414198441856] INFO perfrun.launcher <> - the option was added --itt-debug: Set pseudo-breakpoint at ITT API collector's start to enable the debugger to attach early.
39 [140414198441856] INFO perfrun.launcher <> - the option was added --ptrace: Ptrace collector.
39 [140414198441856] INFO perfrun.launcher <> - the option was added --target-pid: BADMSG: perfrun1.ptracecollector::target-pid
39 [140414198441856] INFO perfrun.launcher <> - the option was added --ptrace-server-pid: BADMSG: perfrun1.ptracecollector::ptrace-server-pid
39 [140414198441856] INFO perfrun.launcher <> - the option was added --ptrace-trace: BADMSG: perfrun1.ptracecollector::ptrace-trace
39 [140414198441856] INFO perfrun.launcher <> - the option was added --ptrace-time-source: BADMSG: perfrun1.ptracecollector::ptrace-time-source
39 [140414198441856] INFO perfrun.launcher <> - the option was added --ptrace-start-type: BADMSG: perfrun1.ptracecollector::ptrace-start-type
39 [140414198441856] INFO perfrun.launcher <> - the option was added --gpu-config: Specify types of GPU data to be collected. Possible values: preset1, preset2.
40 [140414198441856] INFO perfrun.launcher <> - the option was added --gpu-debug: Enable self-testing of the GPGPU profiling collector.
40 [140414198441856] INFO perfrun.launcher <> - the option was added --gpu-counting: Collect GPU data in the counting mode.
40 [140414198441856] INFO perfrun.launcher <> - the option was added --emon-preset: Specify a preset for EMON collector. For available presets, run: emon -preset-list.
40 [140414198441856] INFO perfrun.launcher <> - the option was added --emon-csv-trace-format: Use CSV format for EMON trace file.
40 [140414198441856] INFO perfrun.launcher <> - the option was added --emon-machine-readable-ver: Write machine readable EMON version file.
40 [140414198441856] INFO perfrun.launcher <> - the option was added --custom-collector: Allows to provide arbitrary command line to be run on collection steps.
40 [140414198441856] INFO perfrun.launcher <> - the option was added --stdsrc-config: Specify Standard Sources category tag(s).
40 [140414198441856] INFO perfrun.launcher <> - the option was added --ftrace-config-list: List Linux Ftrace category tag(s).
40 [140414198441856] INFO perfrun.launcher <> - the option was added --ftrace-config: Specify Linux Ftrace category tag(s).
40 [140414198441856] INFO perfrun.launcher <> - the option was added --ftrace-function-groups: Enable tracing of specific groups of functions.
40 [140414198441856] INFO perfrun.launcher <> - the option was added --event-info: BADMSG: perfrun1.stdsrc::event-info
40 [140414198441856] INFO perfrun.launcher <> - the option was added --cpu-list: List supported CPUs.
40 [140414198441856] INFO perfrun.launcher <> - the option was added --target-list: List available targets for performing sampling collection.
40 [140414198441856] INFO perfrun.launcher <> - the option was added --event-value-list: Display event information.
40 [140414198441856] INFO perfrun.launcher <> - the option was added --platform-value-list: Display details of supported platforms.
40 [140414198441856] INFO perfrun.launcher <> - the option was added --uncore-event-list: List uncore events for which a sampling data collection can be performed on this platform.
40 [140414198441856] INFO perfrun.launcher <> - the option was added --modifier-list: Specify the event name <string> for which the modifiers list is requested.
40 [140414198441856] INFO perfrun.launcher <> - the option was added --pmu-list: List supported PMUs.
40 [140414198441856] INFO perfrun.launcher <> - the option was added --os-mode-only: Enable sampling data collection for OS-mode processes only.
40 [140414198441856] INFO perfrun.launcher <> - the option was added --user-mode-only: Enable sampling data collection for user-mode processes only.
40 [140414198441856] INFO perfrun.launcher <> - the option was added --event-config: Perform data collection for the events with <string> configured using the format <event name1>":modifier1=val:modifier2=val/constraint1={:modifier3=val:modifier4=val}...,"<event name2>":... Specify the events(s) to monitor and embed the event names within double quotes("). [:modifier=val] specifies individual event modifiers along with the respective values for a given platform. Note that the modifiers can be generic to an event as well as specific to a constraint (or an event qualifier). The constraint specific special modifiers appear after [/constraint=]. The modifiers can be in decimal or hexadecimal format. Only specific modifiers accept the value as a string. Each event specification is delimited by a comma (,). For a list of supported modifiers and constraints, refer to the documentation.
40 [140414198441856] INFO perfrun.launcher <> - the option was added --chipset-event-config: Perform data collection for the chipset events with <string> configured using the format "<event name1>"...,"<event name2>":... Specify the events(s) to monitor and embed the event names within double quotes(").
40 [140414198441856] INFO perfrun.launcher <> - the option was added --uncore-event-config: Perform uncore data collection in ebc count mode for the events with <string> configured using the format "<event name1>"...,"<event name2>":... Specify the events(s) to monitor and embed the event names within double quotes(").
40 [140414198441856] INFO perfrun.launcher <> - the option was added --count-emon: Enable counting mode and output the data in EMON format.
40 [140414198441856] INFO perfrun.launcher <> - the option was added --event-based-counts: Enable event-based counting mode. During sampling data collection, event counts data is collected for the list of events specified in -event-config option.
40 [140414198441856] INFO perfrun.launcher <> - the option was added --event-mux-tfactor: Specify the event multiplexing tfactor as <integer> to set the length of the interval between interrupts. The larger the tfactor value, the larger the period between interrupts. Currently this option is only available on Intel platforms codenamed Knights Corner.
40 [140414198441856] INFO perfrun.launcher <> - the option was added --full-pebs-capture: Capture full pebs information.
40 [140414198441856] INFO perfrun.launcher <> - the option was added --last-branch-records: Capture Last Branch Records information.
40 [140414198441856] INFO perfrun.launcher <> - the option was added --pmu-type: Specify the targeted PMU name as <string>.
40 [140414198441856] INFO perfrun.launcher <> - the option was added --platform-type: Specify the targeted platform number as <number>.
40 [140414198441856] INFO perfrun.launcher <> - the option was added --p-state-trigger: Specify the name of the trigger event for P-state data as <string>. The default trigger is CPU_CLK_UNHALTED.REF_TSC.
40 [140414198441856] INFO perfrun.launcher <> - the option was added --rdt-auto-rmid: Enable automatic Core pinning on RMIDs for RDT monitoring capabilities.
40 [140414198441856] INFO perfrun.launcher <> - the option was added --bts-count: Specify the <integer> number of BTS records collected after each sample or context switch (VTSS++ only).
41 [140414198441856] INFO perfrun.launcher <> - the option was added --cpu-mask: Specify which CPU(s) <string> to collect data on. For example, specify "2-8,10,12-14" to sample only CPUs 2 through 8, 10, and 12 through 14.
41 [140414198441856] INFO perfrun.launcher <> - the option was added --event-mux-alg: Specify the event multiplexing algorithm. Possible values: sequence, timer, trigger.
41 [140414198441856] INFO perfrun.launcher <> - the option was added --event-mux-timeslice: Specify the event multiplexing time slice value as <integer>. The time slice specifies the duration between cycles for each event multiplexing group. The default value is 50 milliseconds. This option is valid only for timer-based event multiplexing. Specify the event multiplexing time slice value as <integer>. The time slice specifies the duration between cycles for each event multiplexing group. The default value is 1 millisecond. This option is valid only for timer-based event multiplexing.
41 [140414198441856] INFO perfrun.launcher <> - the option was added --event-mux-factor: Specify the event multiplexing factor as <integer>. It controls the switching of event multiplexing groups. The default factor is 50. This option is valid only for trigger-based event multiplexing. Specify the event multiplexing factor as <integer>. It controls the switching of event multiplexing groups. The default factor is 1. This option is valid only for trigger-based event multiplexing.
41 [140414198441856] INFO perfrun.launcher <> - the option was added --event-mux-trigger: Specify the name of the trigger event for event multiplexing as <string>. This option is valid only for trigger-based event multiplexing. The default trigger is CPU_CLK_UNHALTED.CORE (or CPU_CLK_UNHALTED.THREAD). BADMSG: perfrun1.vtsspp::event-mux-trigger
41 [140414198441856] INFO perfrun.launcher <> - the option was added --pt-mode: BADMSG: perfrun1.vtsspp::pt-mode
41 [140414198441856] INFO perfrun.launcher <> - the option was added --sample-after-multiplier: Specify the sample after multiplier as <double>. This multiplier modifies the sample after value for all the events specified in -event-config option. The values can range from 0.1 to 100.0. SAV multiplier value
41 [140414198441856] INFO perfrun.launcher <> - the option was added --uncore-sampling-interval: Specify the uncore sampling interval as <integer>. This value set the uncore sampling interval for all the uncore events specified in -event-config option.
41 [140414198441856] INFO perfrun.launcher <> - the option was added --count: Enable counting mode. Enable counting mode
41 [140414198441856] INFO perfrun.launcher <> - the option was added --trace-mpi: Configure collector to trace MPI code.
41 [140414198441856] INFO perfrun.launcher <> - the option was added --aggregated-counting: Enable aggregated counting mode. Enable aggregated-counting mode
41 [140414198441856] INFO perfrun.launcher <> - the option was added --perf-per-cpu: System-wide collection from all CPUs
41 [140414198441856] INFO perfrun.launcher <> - the option was added --raw-perf-config: Specify a verified configuration for the Perf collector in the format: <describer>,<content>. For example: map-events-file,<path_to_map_events_file>.
41 [140414198441856] INFO perfrun.launcher <> - the option was added --sys-config: BADMSG: perfrun1.vtsspp::sys-config Specify types of system data to be collected. Supported value: cswitch - collect context switch information.
41 [140414198441856] INFO perfrun.launcher <> - the option was added --perf-event-config: Specify events for Perf collector in Perf format. For example: perf-event-config=cpu-clock.
41 [140414198441856] INFO perfrun.launcher <> - the option was added --perf-aio: Number of control blocks in asynchronous trace writing mode.
41 [140414198441856] INFO perfrun.launcher <> - the option was added --perf-compression: Specify compression of Perf collector output data. Possible levels: 0 - without compression, 1..3 - best speed, 4..22 - best compression that incurs big overhead.
41 [140414198441856] INFO perfrun.launcher <> - the option was added --perf-mmap-flush: Minimum data size read from the kernel mapped region.
41 [140414198441856] INFO perfrun.launcher <> - the option was added --perf-affinity: Adjust an affinity mask of the Perf thread to a node with an allocated memory trace buffer.
41 [140414198441856] INFO perfrun.launcher <> - the option was added --perf-threads: Setup threading mode for trace writing.
41 [140414198441856] INFO perfrun.launcher <> - the option was added --generate-platform-cmd: Get perf command line for an arbitrary target.
41 [140414198441856] INFO perfrun.launcher <> - the option was added --aocl-profile: Enable profiling and data collection through AOCL profiling tool.
41 [140414198441856] INFO perfrun.launcher <> - the option was added --aocl-source-file: Path to .source file. Find this in the compilation output directory of the FPGA application. Use this option to help attribute performance statistics to the source lines. If unspecified, AOCL profiler will attempt to locate the file in the current directory.
41 [140414198441856] INFO perfrun.launcher <> - the option was added --aocl-binary-aocx-file: Path to .aocx file (OpenCL flow) or host binary (DPC++ flow). If you do not provide this path: 1) For OpenCL flow, AOCL Profiler attempts to locate the file in the working directory. 2) For DPC++ flow, the collector assumes that host binary is used as an application to launch.
41 [140414198441856] INFO perfrun.launcher <> - the option was added --aocl-period: Specifies the number of cycles between readbacks from the device. The default value is 0 and indicates that the profiler should read back data as often as possible.
41 [140414198441856] INFO perfrun.launcher <> - the option was added --aocl-no-temporal: Disables readback during execution and only reads back non-autorun kernels once they finish executing.
41 [140414198441856] INFO perfrun.launcher <> - the option was added --aocl-no-mem-transfers: Disables the recording of memory transfer information.
41 [140414198441856] INFO perfrun.launcher <> - the option was added --stackwalk: Specify stack unwinding method. Possible values: online - unwind stacks during collection; offline - unwind stacks after collection is finished. Specify stack unwinding method. Possible value: lbr - unwind stacks during collection. Specify stack unwinding method. Possible values: online - unwind stacks during collection; offline - unwind stacks after collection is finished; lbr - enable LBR-based call stack collection. Specify stack unwinding method. Possible values: online - unwind stacks during collection; offline - unwind stacks after collection is finished. Specify stack unwinding method. Possible values: online - unwind stacks during collection; offline - unwind stacks after collection is finished.
41 [140414198441856] INFO perfrun.launcher <> - the option was added --filter-include: Filter data during collection. Possible values: contended=<on|off> - filter out uncontended events; contended_nostack=<time> - filter out stacks for contended events that take less than <time> microseconds; wait=<time> - ignore transitions and blocks with wait time less than <time> microseconds; wait_nostack=<time> - filter out stacks for waits that take less than <time> microseconds.
41 [140414198441856] INFO perfrun.launcher <> - the option was added --debug-pin: Debug PIN tool and runtime.
41 [140414198441856] INFO perfrun.launcher <> - the option was added --debug-exception: Disallow the application to set own abnormal termination handler.
42 [140414198441856] INFO perfrun.launcher <> - the option was added --trace-type: Specify the trace file granularity. Possible values: per-thread - per-thread trace file generation; per-process - per-process trace file generation.
42 [140414198441856] INFO perfrun.launcher <> - the option was added --instrumentation-type: Specify type of instrumentation.
42 [140414198441856] INFO perfrun.launcher <> - the option was added --altstack: Enable or disable usage of altstacks for profiling signal handlers.
42 [140414198441856] INFO perfrun.launcher <> - the option was added --profiling-signal: BADMSG: perfrun1.ptracecollector::profiling-signal Alternate profiling signal.
42 [140414198441856] INFO perfrun.launcher <> - the option was added --memory-strategy: Specify a minimal memory object size to be traced and a hash table size for faster objects search; for example: --memory-strategy obj-size-min=1024,hash-table-size=4096.
42 [140414198441856] INFO perfrun.launcher <> - the option was added --gpu-profiling-type: Specify a type of deep GPU profiling: none, bblatency, memlatency, instcount.
42 [140414198441856] INFO perfrun.launcher <> - the option was added --opencl-trace-mode: Specify OpenCL kernel tracing modes: 'default' to trace OpenCL kernels for Intel Graphics Driver only; 'epoch' for any non-Intel graphics, where OpenCL kernels will be traced and OpenCL profiling API timestamps will be interpreted as Unux Epoch time in nanoseconds; 'completion' to trace OpenCL kernels for any Graphics Driver and bind OpenCL profiling API timestamps to the timestamp of OpenCL completion callback.
42 [140414198441856] INFO perfrun.launcher <> - the option was added --gpu-kernels-to-profile: Specify a comma-separated list of GPU kernel names and invocations to be profiled in the following format: kernel_name[#start_idx#step#stop_idx], where kernel_name is the name of GPU kernel; start_idx is the number of the first invocation; and stop_idx is the number of the last invocation to be profiled.
42 [140414198441856] INFO perfrun.launcher <> - the option was added --exprof-com-list: List available COM ports.
42 [140414198441856] INFO perfrun.launcher <> - the option was added --exprof-dvc-list: List available DvC IDs.
42 [140414198441856] INFO perfrun.launcher <> - the option was added --exprof-trace-channel: BADMSG: perfrun1.exprof::exprof-trace-channel
42 [140414198441856] INFO perfrun.launcher <> - the option was added --exprof-event-config: Specify ExactProfiling Event Classes.
42 [140414198441856] INFO perfrun.launcher <> - the option was added --ice-pmons-list: BADMSG: perfrun1.ice::ice-pmons-list
42 [140414198441856] INFO perfrun.launcher <> - the option was added --ice-pmons-config: BADMSG: perfrun1.ice::ice-pmons-config
42 [140414198441856] INFO perfrun.launcher <> - the option was added --ice-sw-trace: Collect software traces of the Intel Neural Network Processor (NNP-I) and analyze software context of inference progress.
42 [140414198441856] INFO perfrun.launcher <> - the option was added --ice-sample-after-value: BADMSG: perfrun1.ice::ice-sample-after-value
42 [140414198441856] INFO perfrun.launcher <> - the option was added --ice-frequency: BADMSG: perfrun1.ice::ice-frequency
42 [140414198441856] INFO perfrun.launcher <> - the option was added --parallel-fs-config: Specify parallel fs counters to collect.
42 [140414198441856] INFO perfrun.launcher <> - the option was added --pwr-config: BADMSG: perfrun1.vtsspp::pwr-config Specify power metrics configuration.
42 [140414198441856] INFO perfrun.launcher <> - the option was added --pwr-sampling-interval: Specify Intel SoC Watch sampling interval.
42 [140414198441856] INFO perfrun.launcher <> - the option was added --collect-topology: Collect topology info with hwloc.
42 [140414198441856] INFO perfrun.launcher <> - the option was added --persistent-mem-metrics: Collect Persistent Memory performance counters.
42 [140414198441856] INFO perfrun.launcher <> - the option was added --os-counters: Collect OS counters
43 [140414198441856] INFO perfrun.launcher <> - create msngr2::ICliToolContext
43 [140414198441856] INFO perfrun.launcher <> - create file finder object
47 [140414042498752] INFO perfrun.launcher <> - plugin [remoteplug] was disabled because it doesn't support the given collection type.
47 [140414042498752] INFO perfrun.launcher <> - plugin [system] was disabled because it doesn't support the given collection type.
47 [140414042498752] INFO perfrun.vdso <> - dumping [vdso] pseudomodule
47 [140414042498752] INFO perfrun.launcher <> - plugin [itt] was disabled because it doesn't support the given collection type.
47 [140414042498752] INFO perfrun.launcher <> - plugin [ptracecollector] was disabled because it doesn't support the given collection type.
47 [140414042498752] INFO perfrun.launcher <> - plugin [gpu] was disabled because it doesn't support the given collection type.
47 [140414042498752] INFO perfrun.launcher <> - plugin [] was disabled because it doesn't support the given collection type.
47 [140414042498752] INFO perfrun.launcher <> - plugin [] was disabled because it doesn't support the given collection type.
47 [140414042498752] INFO perfrun.launcher <> - plugin [] was disabled because it doesn't support the given collection type.
47 [140414042498752] INFO perfrun.launcher <> - plugin [mrte] was disabled because it doesn't support the given collection type.
47 [140414042498752] INFO perfrun.launcher <> - plugin [emon] was disabled because it doesn't support the given collection type.
47 [140414042498752] INFO perfrun.launcher <> - plugin [cuscol] was disabled because it doesn't support the given collection type.
47 [140414042498752] INFO perfrun.launcher <> - plugin [stdsrc] was disabled because it doesn't support the given collection type.
47 [140414042498752] INFO perfrun.launcher <> - plugin [sep] was disabled because it doesn't support the given collection type.
47 [140414042498752] INFO perfrun.launcher <> - plugin [vtsspp] was disabled because it doesn't support the given collection type.
47 [140414042498752] INFO perfrun.launcher <> - plugin [perf] was disabled because it doesn't support the given collection type.
47 [140414042498752] INFO perfrun.launcher <> - plugin [aoclprofile] was disabled because it doesn't support the given collection type.
47 [140414042498752] INFO perfrun.launcher <> - plugin [tpss] was disabled because it doesn't support the given collection type.
47 [140414042498752] INFO perfrun.launcher <> - plugin [exprof] was disabled because it doesn't support the given collection type.
47 [140414042498752] INFO perfrun.launcher <> - plugin [media] was disabled because it doesn't support the given collection type.
47 [140414042498752] INFO perfrun.launcher <> - plugin [ice] was disabled because it doesn't support the given collection type.
47 [140414042498752] INFO perfrun.launcher <> - plugin [] was disabled because it doesn't support the given collection type.
47 [140414042498752] INFO perfrun.launcher <> - plugin [] was disabled because it doesn't support the given collection type.
47 [140414042498752] INFO perfrun.launcher <> - plugin [parallelfs] was disabled because it doesn't support the given collection type.
47 [140414042498752] INFO perfrun.launcher <> - plugin [power] was disabled because it doesn't support the given collection type.
47 [140414042498752] INFO perfrun.launcher <> - plugin [hwloc] was disabled because it doesn't support the given collection type.
47 [140414042498752] INFO perfrun.launcher <> - plugin [ipmwatch] was disabled because it doesn't support the given collection type.
47 [140414042498752] INFO perfrun.launcher <> - plugin [os_counters] was disabled because it doesn't support the given collection type.
47 [140414198441856] INFO perfrun.launcher <> - Application exit code: 0
47 [140414198441856] INFO perfrun.launcher <> - Exit code: 0
