Using CPUID GenuineIntel-6-3F-2
Warning:
UNC_M_CAS_COUNT.RD[UNIT0] event is not supported by the kernel.
Warning:
UNC_M_CAS_COUNT.RD[UNIT1] event is not supported by the kernel.
Warning:
UNC_M_CAS_COUNT.RD[UNIT4] event is not supported by the kernel.
Warning:
UNC_M_CAS_COUNT.RD[UNIT5] event is not supported by the kernel.
Warning:
UNC_M_CAS_COUNT.WR[UNIT0] event is not supported by the kernel.
Warning:
UNC_M_CAS_COUNT.WR[UNIT1] event is not supported by the kernel.
Warning:
UNC_M_CAS_COUNT.WR[UNIT4] event is not supported by the kernel.
Warning:
UNC_M_CAS_COUNT.WR[UNIT5] event is not supported by the kernel.
cmd_pipe: /tmp/amplxe-tmp-emlazuta/perf-pipe-3470051-13069507965986163

3470059:perf-sync:ready:SYS=1946783119607730
failed to read counter UNC_M_CAS_COUNT.RD[UNIT0]
failed to read counter UNC_M_CAS_COUNT.RD[UNIT1]
failed to read counter UNC_M_CAS_COUNT.RD[UNIT4]
failed to read counter UNC_M_CAS_COUNT.RD[UNIT5]
failed to read counter UNC_M_CAS_COUNT.WR[UNIT0]
failed to read counter UNC_M_CAS_COUNT.WR[UNIT1]
failed to read counter UNC_M_CAS_COUNT.WR[UNIT4]
failed to read counter UNC_M_CAS_COUNT.WR[UNIT5]
