
=== POLITICA APRENDIDA ===
(^ = cima, v = baixo, < = esq, > = dir)

+---+---+---+---+---+---+---+---+---+---+
| > | v | > | v | v | > | v | > | v | v |
+---+---+---+---+---+---+---+---+---+---+
| v | v | v | v | > | v | v | > | v | v |
+---+---+---+---+---+---+---+---+---+---+
| v | v | v | v | v | v | > | v | v | v |
+---+---+---+---+---+---+---+---+---+---+
| > | v | v | v | > | v | v | v | v | v |
+---+---+---+---+---+---+---+---+---+---+
| > | v | > | v | > | v | v | > | v | v |
+---+---+---+---+---+---+---+---+---+---+
| > | > | > | > | v | v | v | v | v | v |
+---+---+---+---+---+---+---+---+---+---+
| > | > | > | v | > | v | v | > | v | v |
+---+---+---+---+---+---+---+---+---+---+
| v | > | v | > | > | v | v | v | v | v |
+---+---+---+---+---+---+---+---+---+---+
| > | > | > | > | > | > | > | > | > | v |
+---+---+---+---+---+---+---+---+---+---+
| > | > | > | > | > | > | > | > | > | G |
+---+---+---+---+---+---+---+---+---+---+

=== DEMONSTRACAO DO CAMINHO ===
Caminho do agente do inicio ao objetivo:

Passo  1: Estado (0,0) -> Acao: DIR
Passo  2: Estado (0,1) -> Acao: BAIXO
Passo  3: Estado (1,1) -> Acao: BAIXO
Passo  4: Estado (2,1) -> Acao: BAIXO
Passo  5: Estado (3,1) -> Acao: BAIXO
Passo  6: Estado (4,1) -> Acao: BAIXO
Passo  7: Estado (5,1) -> Acao: DIR
Passo  8: Estado (5,2) -> Acao: DIR
Passo  9: Estado (5,3) -> Acao: DIR
Passo 10: Estado (5,4) -> Acao: BAIXO
Passo 11: Estado (6,4) -> Acao: DIR
Passo 12: Estado (6,5) -> Acao: BAIXO
Passo 13: Estado (7,5) -> Acao: BAIXO
Passo 14: Estado (8,5) -> Acao: DIR
Passo 15: Estado (8,6) -> Acao: DIR
Passo 16: Estado (8,7) -> Acao: DIR
Passo 17: Estado (8,8) -> Acao: DIR
Passo 18: Estado (8,9) -> Acao: BAIXO
Passo 19: Estado (9,9) -> OBJETIVO ALCANCADO!

Agente encontrou o caminho em 18 passos.

TRAINING_TIME_S: 0.004620
CONVERGED: yes

 Performance counter stats for '/scratch/rrdmatos/perf_cache_788683_20260527_000354/bin/qlearning_parallel --gridx 10 --gridy 10 --obstacles 0 --episodes 10000 --maxsteps 1000 --epsilon 0.3 --seed 54 --sync-mode statespace --quiet':

        21,363,073      L1-dcache-loads                                                      (0.66%)
           545,800      L1-dcache-load-misses            #    2.55% of all L1-dcache accesses  (97.04%)
           512,451      LLC-loads                                                            (99.54%)
           116,268      LLC-load-misses                  #   22.69% of all LL-cache accesses  (99.54%)
           721,228      cache-references                                                     (99.54%)
           185,317      cache-misses                     #   25.695 % of all cache refs      (32.83%)

       0.006100514 seconds time elapsed

       0.066844000 seconds user
       0.000000000 seconds sys


