
=== POLITICA APRENDIDA ===
(^ = cima, v = baixo, < = esq, > = dir)

+---+---+---+---+---+---+---+---+---+---+
| v | > | > | v | v | > | > | > | v | v |
+---+---+---+---+---+---+---+---+---+---+
| > | > | v | v | v | v | v | v | v | v |
+---+---+---+---+---+---+---+---+---+---+
| > | > | > | > | > | v | v | v | v | v |
+---+---+---+---+---+---+---+---+---+---+
| > | > | > | > | > | v | v | v | v | v |
+---+---+---+---+---+---+---+---+---+---+
| > | v | > | v | > | v | v | v | v | v |
+---+---+---+---+---+---+---+---+---+---+
| > | > | v | > | > | v | v | > | v | v |
+---+---+---+---+---+---+---+---+---+---+
| > | v | v | > | > | v | v | v | v | v |
+---+---+---+---+---+---+---+---+---+---+
| > | > | > | > | > | > | > | > | v | v |
+---+---+---+---+---+---+---+---+---+---+
| > | > | > | > | > | > | > | > | > | v |
+---+---+---+---+---+---+---+---+---+---+
| > | > | > | > | > | > | > | > | > | G |
+---+---+---+---+---+---+---+---+---+---+

=== DEMONSTRACAO DO CAMINHO ===
Caminho do agente do inicio ao objetivo:

Passo  1: Estado (0,0) -> Acao: BAIXO
Passo  2: Estado (1,0) -> Acao: DIR
Passo  3: Estado (1,1) -> Acao: DIR
Passo  4: Estado (1,2) -> Acao: BAIXO
Passo  5: Estado (2,2) -> Acao: DIR
Passo  6: Estado (2,3) -> Acao: DIR
Passo  7: Estado (2,4) -> Acao: DIR
Passo  8: Estado (2,5) -> Acao: BAIXO
Passo  9: Estado (3,5) -> Acao: BAIXO
Passo 10: Estado (4,5) -> Acao: BAIXO
Passo 11: Estado (5,5) -> Acao: BAIXO
Passo 12: Estado (6,5) -> Acao: BAIXO
Passo 13: Estado (7,5) -> Acao: DIR
Passo 14: Estado (7,6) -> Acao: DIR
Passo 15: Estado (7,7) -> Acao: DIR
Passo 16: Estado (7,8) -> Acao: BAIXO
Passo 17: Estado (8,8) -> Acao: DIR
Passo 18: Estado (8,9) -> Acao: BAIXO
Passo 19: Estado (9,9) -> OBJETIVO ALCANCADO!

Agente encontrou o caminho em 18 passos.

TRAINING_TIME_S: 0.004835
CONVERGED: yes

 Performance counter stats for '/scratch/rrdmatos/perf_cache_788683_20260527_000354/bin/qlearning_parallel --gridx 10 --gridy 10 --obstacles 0 --episodes 10000 --maxsteps 1000 --epsilon 0.3 --seed 54 --sync-mode statespace --quiet':

        19,035,377      L1-dcache-loads                                                      (0.52%)
           506,793      L1-dcache-load-misses            #    2.66% of all L1-dcache accesses  (96.21%)
           511,985      LLC-loads                                                            (99.67%)
           114,421      LLC-load-misses                  #   22.35% of all LL-cache accesses  (99.67%)
           734,995      cache-references                                                     (99.67%)
           187,103      cache-misses                     #   25.456 % of all cache refs      (38.68%)

       0.006359285 seconds time elapsed

       0.065463000 seconds user
       0.004091000 seconds sys


