
=== POLITICA APRENDIDA ===
(^ = cima, v = baixo, < = esq, > = dir)

+---+---+---+---+---+---+---+---+---+---+
| v | v | v | v | > | v | > | > | > | v |
+---+---+---+---+---+---+---+---+---+---+
| > | v | v | v | > | v | > | ^ | > | v |
+---+---+---+---+---+---+---+---+---+---+
| v | v | > | v | v | v | v | v | v | v |
+---+---+---+---+---+---+---+---+---+---+
| > | > | > | v | > | v | v | > | v | v |
+---+---+---+---+---+---+---+---+---+---+
| v | v | v | > | > | v | v | v | > | v |
+---+---+---+---+---+---+---+---+---+---+
| > | > | > | > | > | v | v | v | v | v |
+---+---+---+---+---+---+---+---+---+---+
| > | > | > | > | > | > | v | v | v | v |
+---+---+---+---+---+---+---+---+---+---+
| > | v | v | v | v | > | v | v | v | v |
+---+---+---+---+---+---+---+---+---+---+
| > | > | > | > | > | > | > | > | > | v |
+---+---+---+---+---+---+---+---+---+---+
| > | > | > | > | > | > | > | > | > | G |
+---+---+---+---+---+---+---+---+---+---+

=== DEMONSTRACAO DO CAMINHO ===
Caminho do agente do inicio ao objetivo:

Passo  1: Estado (0,0) -> Acao: BAIXO
Passo  2: Estado (1,0) -> Acao: DIR
Passo  3: Estado (1,1) -> Acao: BAIXO
Passo  4: Estado (2,1) -> Acao: BAIXO
Passo  5: Estado (3,1) -> Acao: DIR
Passo  6: Estado (3,2) -> Acao: DIR
Passo  7: Estado (3,3) -> Acao: BAIXO
Passo  8: Estado (4,3) -> Acao: DIR
Passo  9: Estado (4,4) -> Acao: DIR
Passo 10: Estado (4,5) -> Acao: BAIXO
Passo 11: Estado (5,5) -> Acao: BAIXO
Passo 12: Estado (6,5) -> Acao: DIR
Passo 13: Estado (6,6) -> Acao: BAIXO
Passo 14: Estado (7,6) -> Acao: BAIXO
Passo 15: Estado (8,6) -> Acao: DIR
Passo 16: Estado (8,7) -> Acao: DIR
Passo 17: Estado (8,8) -> Acao: DIR
Passo 18: Estado (8,9) -> Acao: BAIXO
Passo 19: Estado (9,9) -> OBJETIVO ALCANCADO!

Agente encontrou o caminho em 18 passos.

TRAINING_TIME_S: 0.013234
CONVERGED: yes

 Performance counter stats for '/scratch/rrdmatos/perf_cache_788683_20260527_000354/bin/qlearning_parallel --gridx 10 --gridy 10 --obstacles 0 --episodes 10000 --maxsteps 1000 --epsilon 0.3 --seed 54 --sync-mode sqrt --quiet':

        33,056,107      L1-dcache-loads                                                      (18.16%)
         1,315,260      L1-dcache-load-misses            #    3.98% of all L1-dcache accesses  (92.57%)
         1,567,294      LLC-loads                                                            (81.84%)
           481,325      LLC-load-misses                  #   30.71% of all LL-cache accesses  (87.61%)
         2,456,474      cache-references                                                     (87.61%)
           650,070      cache-misses                     #   26.464 % of all cache refs      (56.22%)

       0.014697780 seconds time elapsed

       0.204670000 seconds user
       0.000000000 seconds sys


