
=== POLITICA APRENDIDA ===
(^ = cima, v = baixo, < = esq, > = dir)

+---+---+---+---+---+---+---+---+---+---+
| v | v | v | > | > | > | > | v | v | v |
+---+---+---+---+---+---+---+---+---+---+
| v | v | v | > | > | > | > | v | v | v |
+---+---+---+---+---+---+---+---+---+---+
| > | v | v | v | > | > | > | v | v | v |
+---+---+---+---+---+---+---+---+---+---+
| v | v | v | v | v | > | v | v | v | v |
+---+---+---+---+---+---+---+---+---+---+
| > | v | v | > | > | v | v | v | v | v |
+---+---+---+---+---+---+---+---+---+---+
| v | > | v | > | v | > | > | v | v | v |
+---+---+---+---+---+---+---+---+---+---+
| > | > | > | > | > | > | > | v | > | v |
+---+---+---+---+---+---+---+---+---+---+
| > | > | > | > | > | > | > | > | v | v |
+---+---+---+---+---+---+---+---+---+---+
| v | > | > | > | > | > | > | > | > | v |
+---+---+---+---+---+---+---+---+---+---+
| > | > | > | > | > | > | > | > | > | G |
+---+---+---+---+---+---+---+---+---+---+

=== DEMONSTRACAO DO CAMINHO ===
Caminho do agente do inicio ao objetivo:

Passo  1: Estado (0,0) -> Acao: BAIXO
Passo  2: Estado (1,0) -> Acao: BAIXO
Passo  3: Estado (2,0) -> Acao: DIR
Passo  4: Estado (2,1) -> Acao: BAIXO
Passo  5: Estado (3,1) -> Acao: BAIXO
Passo  6: Estado (4,1) -> Acao: BAIXO
Passo  7: Estado (5,1) -> Acao: DIR
Passo  8: Estado (5,2) -> Acao: BAIXO
Passo  9: Estado (6,2) -> Acao: DIR
Passo 10: Estado (6,3) -> Acao: DIR
Passo 11: Estado (6,4) -> Acao: DIR
Passo 12: Estado (6,5) -> Acao: DIR
Passo 13: Estado (6,6) -> Acao: DIR
Passo 14: Estado (6,7) -> Acao: BAIXO
Passo 15: Estado (7,7) -> Acao: DIR
Passo 16: Estado (7,8) -> Acao: BAIXO
Passo 17: Estado (8,8) -> Acao: DIR
Passo 18: Estado (8,9) -> Acao: BAIXO
Passo 19: Estado (9,9) -> OBJETIVO ALCANCADO!

Agente encontrou o caminho em 18 passos.

TRAINING_TIME_S: 0.005030
CONVERGED: yes

 Performance counter stats for '/scratch/rrdmatos/perf_cache_788683_20260527_000354/bin/qlearning_parallel --gridx 10 --gridy 10 --obstacles 0 --episodes 10000 --maxsteps 1000 --epsilon 0.3 --seed 54 --sync-mode statespace --quiet':

         9,598,081      L1-dcache-loads                                                      (92.17%)
           835,238      L1-dcache-load-misses            #    8.70% of all L1-dcache accesses
           580,795      LLC-loads                                                            (57.61%)
           140,241      LLC-load-misses                  #   24.15% of all LL-cache accesses  (57.61%)
           730,949      cache-references                                                     (57.61%)
     <not counted>      cache-misses                                                  (0.00%)

       0.006490379 seconds time elapsed

       0.073840000 seconds user
       0.000000000 seconds sys


