
=== POLITICA APRENDIDA ===
(^ = cima, v = baixo, < = esq, > = dir)

+---+---+---+---+---+---+---+---+---+---+
| v | > | v | v | > | v | > | > | > | v |
+---+---+---+---+---+---+---+---+---+---+
| v | v | > | v | v | v | > | > | v | v |
+---+---+---+---+---+---+---+---+---+---+
| v | > | v | > | v | v | v | v | v | v |
+---+---+---+---+---+---+---+---+---+---+
| > | > | v | > | v | v | v | v | v | v |
+---+---+---+---+---+---+---+---+---+---+
| > | > | > | > | v | v | v | > | > | v |
+---+---+---+---+---+---+---+---+---+---+
| > | > | > | > | > | v | v | > | > | v |
+---+---+---+---+---+---+---+---+---+---+
| > | > | > | v | v | v | v | > | v | v |
+---+---+---+---+---+---+---+---+---+---+
| v | v | v | > | > | v | v | v | v | v |
+---+---+---+---+---+---+---+---+---+---+
| v | > | > | > | > | > | > | > | > | v |
+---+---+---+---+---+---+---+---+---+---+
| > | > | > | > | > | > | > | > | > | G |
+---+---+---+---+---+---+---+---+---+---+

=== DEMONSTRACAO DO CAMINHO ===
Caminho do agente do inicio ao objetivo:

Passo  1: Estado (0,0) -> Acao: BAIXO
Passo  2: Estado (1,0) -> Acao: BAIXO
Passo  3: Estado (2,0) -> Acao: BAIXO
Passo  4: Estado (3,0) -> Acao: DIR
Passo  5: Estado (3,1) -> Acao: DIR
Passo  6: Estado (3,2) -> Acao: BAIXO
Passo  7: Estado (4,2) -> Acao: DIR
Passo  8: Estado (4,3) -> Acao: DIR
Passo  9: Estado (4,4) -> Acao: BAIXO
Passo 10: Estado (5,4) -> Acao: DIR
Passo 11: Estado (5,5) -> Acao: BAIXO
Passo 12: Estado (6,5) -> Acao: BAIXO
Passo 13: Estado (7,5) -> Acao: BAIXO
Passo 14: Estado (8,5) -> Acao: DIR
Passo 15: Estado (8,6) -> Acao: DIR
Passo 16: Estado (8,7) -> Acao: DIR
Passo 17: Estado (8,8) -> Acao: DIR
Passo 18: Estado (8,9) -> Acao: BAIXO
Passo 19: Estado (9,9) -> OBJETIVO ALCANCADO!

Agente encontrou o caminho em 18 passos.

TRAINING_TIME_S: 0.012581
CONVERGED: yes

 Performance counter stats for '/scratch/rrdmatos/perf_cache_788683_20260527_000354/bin/qlearning_parallel --gridx 10 --gridy 10 --obstacles 0 --episodes 10000 --maxsteps 1000 --epsilon 0.3 --seed 54 --sync-mode sqrt --quiet':

        33,653,410      L1-dcache-loads                                                      (13.43%)
         1,303,173      L1-dcache-load-misses            #    3.87% of all L1-dcache accesses  (91.98%)
         1,571,641      LLC-loads                                                            (86.57%)
           492,564      LLC-load-misses                  #   31.34% of all LL-cache accesses  (91.32%)
         2,445,273      cache-references                                                     (91.32%)
           646,873      cache-misses                     #   26.454 % of all cache refs      (58.27%)

       0.014067009 seconds time elapsed

       0.190447000 seconds user
       0.004052000 seconds sys


