
=== POLITICA APRENDIDA ===
(^ = cima, v = baixo, < = esq, > = dir)

+---+---+---+---+---+---+---+---+---+---+
| > | > | v | v | v | > | v | v | v | v |
+---+---+---+---+---+---+---+---+---+---+
| > | > | v | > | v | > | v | v | < | v |
+---+---+---+---+---+---+---+---+---+---+
| v | v | v | > | v | > | > | v | v | v |
+---+---+---+---+---+---+---+---+---+---+
| v | > | v | v | > | > | > | v | > | v |
+---+---+---+---+---+---+---+---+---+---+
| v | > | v | v | > | > | > | > | v | v |
+---+---+---+---+---+---+---+---+---+---+
| v | v | > | v | > | v | > | v | v | v |
+---+---+---+---+---+---+---+---+---+---+
| > | > | > | > | > | v | > | > | v | v |
+---+---+---+---+---+---+---+---+---+---+
| > | > | > | > | v | > | v | v | > | v |
+---+---+---+---+---+---+---+---+---+---+
| > | v | > | > | v | v | > | v | v | v |
+---+---+---+---+---+---+---+---+---+---+
| > | > | > | > | > | > | > | > | > | G |
+---+---+---+---+---+---+---+---+---+---+

=== DEMONSTRACAO DO CAMINHO ===
Caminho do agente do inicio ao objetivo:

Passo  1: Estado (0,0) -> Acao: DIR
Passo  2: Estado (0,1) -> Acao: DIR
Passo  3: Estado (0,2) -> Acao: BAIXO
Passo  4: Estado (1,2) -> Acao: BAIXO
Passo  5: Estado (2,2) -> Acao: BAIXO
Passo  6: Estado (3,2) -> Acao: BAIXO
Passo  7: Estado (4,2) -> Acao: BAIXO
Passo  8: Estado (5,2) -> Acao: DIR
Passo  9: Estado (5,3) -> Acao: BAIXO
Passo 10: Estado (6,3) -> Acao: DIR
Passo 11: Estado (6,4) -> Acao: DIR
Passo 12: Estado (6,5) -> Acao: BAIXO
Passo 13: Estado (7,5) -> Acao: DIR
Passo 14: Estado (7,6) -> Acao: BAIXO
Passo 15: Estado (8,6) -> Acao: DIR
Passo 16: Estado (8,7) -> Acao: BAIXO
Passo 17: Estado (9,7) -> Acao: DIR
Passo 18: Estado (9,8) -> Acao: DIR
Passo 19: Estado (9,9) -> OBJETIVO ALCANCADO!

Agente encontrou o caminho em 18 passos.

TRAINING_TIME_S: 0.006537
CONVERGED: yes

 Performance counter stats for '/scratch/rrdmatos/perf_cache_788683_20260527_000354/bin/qlearning_parallel --gridx 10 --gridy 10 --obstacles 0 --episodes 10000 --maxsteps 1000 --epsilon 0.3 --seed 54 --sync-mode hogwild --quiet':

        16,604,266      L1-dcache-loads                                                      (33.88%)
         1,337,049      L1-dcache-load-misses            #    8.05% of all L1-dcache accesses  (99.99%)
         1,110,690      LLC-loads                                                            (66.17%)
           405,331      LLC-load-misses                  #   36.49% of all LL-cache accesses  (66.17%)
         1,367,215      cache-references                                                     (66.17%)
           104,276      cache-misses                     #    7.627 % of all cache refs      (0.16%)

       0.007995184 seconds time elapsed

       0.048922000 seconds user
       0.048922000 seconds sys


