
=== POLITICA APRENDIDA ===
(^ = cima, v = baixo, < = esq, > = dir)

+---+---+---+---+---+---+---+---+---+---+
| > | > | v | > | > | > | > | v | < | v |
+---+---+---+---+---+---+---+---+---+---+
| > | v | v | v | > | v | > | v | v | v |
+---+---+---+---+---+---+---+---+---+---+
| v | > | > | v | > | > | > | v | v | < |
+---+---+---+---+---+---+---+---+---+---+
| v | v | > | v | > | > | > | > | v | v |
+---+---+---+---+---+---+---+---+---+---+
| v | > | v | > | v | > | v | v | v | v |
+---+---+---+---+---+---+---+---+---+---+
| > | > | > | > | v | > | > | > | v | v |
+---+---+---+---+---+---+---+---+---+---+
| > | > | > | > | > | > | > | > | v | v |
+---+---+---+---+---+---+---+---+---+---+
| > | ^ | > | > | > | > | v | v | v | v |
+---+---+---+---+---+---+---+---+---+---+
| > | > | > | > | v | > | > | > | v | v |
+---+---+---+---+---+---+---+---+---+---+
| < | > | > | > | > | > | > | > | > | G |
+---+---+---+---+---+---+---+---+---+---+

=== DEMONSTRACAO DO CAMINHO ===
Caminho do agente do inicio ao objetivo:

Passo  1: Estado (0,0) -> Acao: DIR
Passo  2: Estado (0,1) -> Acao: DIR
Passo  3: Estado (0,2) -> Acao: BAIXO
Passo  4: Estado (1,2) -> Acao: BAIXO
Passo  5: Estado (2,2) -> Acao: DIR
Passo  6: Estado (2,3) -> Acao: BAIXO
Passo  7: Estado (3,3) -> Acao: BAIXO
Passo  8: Estado (4,3) -> Acao: DIR
Passo  9: Estado (4,4) -> Acao: BAIXO
Passo 10: Estado (5,4) -> Acao: BAIXO
Passo 11: Estado (6,4) -> Acao: DIR
Passo 12: Estado (6,5) -> Acao: DIR
Passo 13: Estado (6,6) -> Acao: DIR
Passo 14: Estado (6,7) -> Acao: DIR
Passo 15: Estado (6,8) -> Acao: BAIXO
Passo 16: Estado (7,8) -> Acao: BAIXO
Passo 17: Estado (8,8) -> Acao: BAIXO
Passo 18: Estado (9,8) -> Acao: DIR
Passo 19: Estado (9,9) -> OBJETIVO ALCANCADO!

Agente encontrou o caminho em 18 passos.

TRAINING_TIME_S: 0.015761
CONVERGED: yes

 Performance counter stats for '/scratch/rrdmatos/perf_cache_788683_20260527_000354/bin/qlearning --gridx 10 --gridy 10 --obstacles 0 --episodes 10000 --maxsteps 1000 --epsilon 0.3 --seed 54 --quiet':

        15,254,192      L1-dcache-loads                                                      (50.67%)
            28,070      L1-dcache-load-misses            #    0.18% of all L1-dcache accesses  (46.50%)
               222      LLC-loads                                                            (49.33%)
                20      LLC-load-misses                  #    9.01% of all LL-cache accesses  (74.00%)
             6,332      cache-references                                                     (78.15%)
               977      cache-misses                     #   15.430 % of all cache refs      (53.50%)

       0.016599626 seconds time elapsed

       0.016689000 seconds user
       0.000000000 seconds sys


