
=== POLITICA APRENDIDA ===
(^ = cima, v = baixo, < = esq, > = dir)

+---+---+---+---+---+---+---+---+---+---+
| v | > | v | v | v | v | v | > | v | v |
+---+---+---+---+---+---+---+---+---+---+
| > | > | v | > | v | v | v | > | v | v |
+---+---+---+---+---+---+---+---+---+---+
| > | > | > | v | > | v | v | > | v | v |
+---+---+---+---+---+---+---+---+---+---+
| v | v | > | > | v | > | v | > | v | v |
+---+---+---+---+---+---+---+---+---+---+
| > | > | > | > | > | > | v | v | v | v |
+---+---+---+---+---+---+---+---+---+---+
| v | > | > | > | v | v | v | > | v | v |
+---+---+---+---+---+---+---+---+---+---+
| > | > | > | > | > | > | > | v | v | v |
+---+---+---+---+---+---+---+---+---+---+
| v | > | > | > | > | > | > | v | v | v |
+---+---+---+---+---+---+---+---+---+---+
| > | > | > | > | > | > | > | > | > | v |
+---+---+---+---+---+---+---+---+---+---+
| > | > | > | > | > | > | > | > | > | G |
+---+---+---+---+---+---+---+---+---+---+

=== DEMONSTRACAO DO CAMINHO ===
Caminho do agente do inicio ao objetivo:

Passo  1: Estado (0,0) -> Acao: BAIXO
Passo  2: Estado (1,0) -> Acao: DIR
Passo  3: Estado (1,1) -> Acao: DIR
Passo  4: Estado (1,2) -> Acao: BAIXO
Passo  5: Estado (2,2) -> Acao: DIR
Passo  6: Estado (2,3) -> Acao: BAIXO
Passo  7: Estado (3,3) -> Acao: DIR
Passo  8: Estado (3,4) -> Acao: BAIXO
Passo  9: Estado (4,4) -> Acao: DIR
Passo 10: Estado (4,5) -> Acao: DIR
Passo 11: Estado (4,6) -> Acao: BAIXO
Passo 12: Estado (5,6) -> Acao: BAIXO
Passo 13: Estado (6,6) -> Acao: DIR
Passo 14: Estado (6,7) -> Acao: BAIXO
Passo 15: Estado (7,7) -> Acao: BAIXO
Passo 16: Estado (8,7) -> Acao: DIR
Passo 17: Estado (8,8) -> Acao: DIR
Passo 18: Estado (8,9) -> Acao: BAIXO
Passo 19: Estado (9,9) -> OBJETIVO ALCANCADO!

Agente encontrou o caminho em 18 passos.

TRAINING_TIME_S: 0.018765
CONVERGED: yes

 Performance counter stats for '/scratch/rrdmatos/perf_cache_788683_20260527_000354/bin/qlearning_parallel --gridx 10 --gridy 10 --obstacles 0 --episodes 10000 --maxsteps 1000 --epsilon 0.3 --seed 54 --sync-mode sqrt --quiet':

        62,415,533      L1-dcache-loads                                                      (13.86%)
         3,983,775      L1-dcache-load-misses            #    6.38% of all L1-dcache accesses  (33.57%)
         3,033,225      LLC-loads                                                            (45.52%)
           551,306      LLC-load-misses                  #   18.18% of all LL-cache accesses  (87.14%)
         3,560,567      cache-references                                                     (91.06%)
           920,434      cache-misses                     #   25.851 % of all cache refs      (69.41%)

       0.020279311 seconds time elapsed

       0.363232000 seconds user
       0.000000000 seconds sys


