
=== POLITICA APRENDIDA ===
(^ = cima, v = baixo, < = esq, > = dir)

+---+---+---+---+---+---+---+---+---+---+
| > | v | v | > | v | v | v | > | v | v |
+---+---+---+---+---+---+---+---+---+---+
| > | v | v | v | > | v | v | v | v | v |
+---+---+---+---+---+---+---+---+---+---+
| v | v | v | > | v | v | v | v | > | v |
+---+---+---+---+---+---+---+---+---+---+
| v | > | > | v | v | > | v | v | > | v |
+---+---+---+---+---+---+---+---+---+---+
| v | v | > | v | v | v | v | > | v | v |
+---+---+---+---+---+---+---+---+---+---+
| > | > | v | > | > | v | > | > | v | v |
+---+---+---+---+---+---+---+---+---+---+
| > | v | > | > | > | v | > | > | v | v |
+---+---+---+---+---+---+---+---+---+---+
| > | > | > | > | > | v | > | v | > | v |
+---+---+---+---+---+---+---+---+---+---+
| v | > | > | v | v | > | > | > | v | v |
+---+---+---+---+---+---+---+---+---+---+
| > | > | > | > | > | > | > | > | > | G |
+---+---+---+---+---+---+---+---+---+---+

=== DEMONSTRACAO DO CAMINHO ===
Caminho do agente do inicio ao objetivo:

Passo  1: Estado (0,0) -> Acao: DIR
Passo  2: Estado (0,1) -> Acao: BAIXO
Passo  3: Estado (1,1) -> Acao: BAIXO
Passo  4: Estado (2,1) -> Acao: BAIXO
Passo  5: Estado (3,1) -> Acao: DIR
Passo  6: Estado (3,2) -> Acao: DIR
Passo  7: Estado (3,3) -> Acao: BAIXO
Passo  8: Estado (4,3) -> Acao: BAIXO
Passo  9: Estado (5,3) -> Acao: DIR
Passo 10: Estado (5,4) -> Acao: DIR
Passo 11: Estado (5,5) -> Acao: BAIXO
Passo 12: Estado (6,5) -> Acao: BAIXO
Passo 13: Estado (7,5) -> Acao: BAIXO
Passo 14: Estado (8,5) -> Acao: DIR
Passo 15: Estado (8,6) -> Acao: DIR
Passo 16: Estado (8,7) -> Acao: DIR
Passo 17: Estado (8,8) -> Acao: BAIXO
Passo 18: Estado (9,8) -> Acao: DIR
Passo 19: Estado (9,9) -> OBJETIVO ALCANCADO!

Agente encontrou o caminho em 18 passos.

TRAINING_TIME_S: 0.007280
CONVERGED: yes

 Performance counter stats for '/scratch/rrdmatos/perf_cache_788683_20260527_000354/bin/qlearning_parallel --gridx 10 --gridy 10 --obstacles 0 --episodes 10000 --maxsteps 1000 --epsilon 0.3 --seed 54 --sync-mode hogwild --quiet':

        49,008,005      L1-dcache-loads                                                      (0.26%)
           419,733      L1-dcache-load-misses            #    0.86% of all L1-dcache accesses  (92.08%)
           971,700      LLC-loads                                                            (99.74%)
           347,620      LLC-load-misses                  #   35.77% of all LL-cache accesses  (99.88%)
         1,326,641      cache-references                                                     (99.88%)
           550,960      cache-misses                     #   41.530 % of all cache refs      (63.23%)

       0.008800868 seconds time elapsed

       0.129833000 seconds user
       0.003245000 seconds sys


