
=== POLITICA APRENDIDA ===
(^ = cima, v = baixo, < = esq, > = dir)

+---+---+---+---+---+---+---+---+---+---+
| v | > | > | > | v | > | v | v | v | v |
+---+---+---+---+---+---+---+---+---+---+
| v | > | > | > | v | v | v | v | v | v |
+---+---+---+---+---+---+---+---+---+---+
| > | > | > | > | v | v | > | v | v | v |
+---+---+---+---+---+---+---+---+---+---+
| v | > | v | > | v | v | > | v | v | v |
+---+---+---+---+---+---+---+---+---+---+
| > | > | > | v | v | v | > | v | v | v |
+---+---+---+---+---+---+---+---+---+---+
| > | > | > | > | > | v | v | v | v | v |
+---+---+---+---+---+---+---+---+---+---+
| > | > | > | > | v | v | v | v | v | v |
+---+---+---+---+---+---+---+---+---+---+
| v | > | > | > | > | > | > | v | v | v |
+---+---+---+---+---+---+---+---+---+---+
| > | v | > | > | > | > | v | > | > | v |
+---+---+---+---+---+---+---+---+---+---+
| > | > | > | > | > | > | > | > | > | G |
+---+---+---+---+---+---+---+---+---+---+

=== DEMONSTRACAO DO CAMINHO ===
Caminho do agente do inicio ao objetivo:

Passo  1: Estado (0,0) -> Acao: BAIXO
Passo  2: Estado (1,0) -> Acao: BAIXO
Passo  3: Estado (2,0) -> Acao: DIR
Passo  4: Estado (2,1) -> Acao: DIR
Passo  5: Estado (2,2) -> Acao: DIR
Passo  6: Estado (2,3) -> Acao: DIR
Passo  7: Estado (2,4) -> Acao: BAIXO
Passo  8: Estado (3,4) -> Acao: BAIXO
Passo  9: Estado (4,4) -> Acao: BAIXO
Passo 10: Estado (5,4) -> Acao: DIR
Passo 11: Estado (5,5) -> Acao: BAIXO
Passo 12: Estado (6,5) -> Acao: BAIXO
Passo 13: Estado (7,5) -> Acao: DIR
Passo 14: Estado (7,6) -> Acao: DIR
Passo 15: Estado (7,7) -> Acao: BAIXO
Passo 16: Estado (8,7) -> Acao: DIR
Passo 17: Estado (8,8) -> Acao: DIR
Passo 18: Estado (8,9) -> Acao: BAIXO
Passo 19: Estado (9,9) -> OBJETIVO ALCANCADO!

Agente encontrou o caminho em 18 passos.

TRAINING_TIME_S: 0.015246
CONVERGED: yes

 Performance counter stats for '/scratch/rrdmatos/perf_cache_788683_20260527_000354/bin/qlearning_parallel --gridx 10 --gridy 10 --obstacles 0 --episodes 10000 --maxsteps 1000 --epsilon 0.3 --seed 54 --sync-mode sqrt --quiet':

        53,517,589      L1-dcache-loads                                                      (3.31%)
         3,093,475      L1-dcache-load-misses            #    5.78% of all L1-dcache accesses  (17.15%)
         1,299,755      LLC-loads                                                            (93.97%)
           475,595      LLC-load-misses                  #   36.59% of all LL-cache accesses  (97.98%)
         3,531,853      cache-references                                                     (99.89%)
           914,463      cache-misses                     #   25.892 % of all cache refs      (82.93%)

       0.016791399 seconds time elapsed

       0.288575000 seconds user
       0.003607000 seconds sys


