
=== POLITICA APRENDIDA ===
(^ = cima, v = baixo, < = esq, > = dir)

+---+---+---+---+---+---+---+---+---+---+
| v | > | v | > | v | v | > | v | > | v |
+---+---+---+---+---+---+---+---+---+---+
| v | v | v | v | v | v | v | > | v | v |
+---+---+---+---+---+---+---+---+---+---+
| > | > | > | v | v | v | > | v | v | v |
+---+---+---+---+---+---+---+---+---+---+
| v | > | v | v | > | v | > | v | v | v |
+---+---+---+---+---+---+---+---+---+---+
| v | v | > | v | v | v | v | v | v | v |
+---+---+---+---+---+---+---+---+---+---+
| > | > | > | > | > | v | v | v | v | v |
+---+---+---+---+---+---+---+---+---+---+
| > | > | > | > | > | v | v | > | v | v |
+---+---+---+---+---+---+---+---+---+---+
| > | > | > | > | > | > | v | > | v | v |
+---+---+---+---+---+---+---+---+---+---+
| v | > | > | > | > | v | > | v | > | v |
+---+---+---+---+---+---+---+---+---+---+
| > | > | > | > | > | > | > | > | > | G |
+---+---+---+---+---+---+---+---+---+---+

=== DEMONSTRACAO DO CAMINHO ===
Caminho do agente do inicio ao objetivo:

Passo  1: Estado (0,0) -> Acao: BAIXO
Passo  2: Estado (1,0) -> Acao: BAIXO
Passo  3: Estado (2,0) -> Acao: DIR
Passo  4: Estado (2,1) -> Acao: DIR
Passo  5: Estado (2,2) -> Acao: DIR
Passo  6: Estado (2,3) -> Acao: BAIXO
Passo  7: Estado (3,3) -> Acao: BAIXO
Passo  8: Estado (4,3) -> Acao: BAIXO
Passo  9: Estado (5,3) -> Acao: DIR
Passo 10: Estado (5,4) -> Acao: DIR
Passo 11: Estado (5,5) -> Acao: BAIXO
Passo 12: Estado (6,5) -> Acao: BAIXO
Passo 13: Estado (7,5) -> Acao: DIR
Passo 14: Estado (7,6) -> Acao: BAIXO
Passo 15: Estado (8,6) -> Acao: DIR
Passo 16: Estado (8,7) -> Acao: BAIXO
Passo 17: Estado (9,7) -> Acao: DIR
Passo 18: Estado (9,8) -> Acao: DIR
Passo 19: Estado (9,9) -> OBJETIVO ALCANCADO!

Agente encontrou o caminho em 18 passos.

TRAINING_TIME_S: 0.005311
CONVERGED: yes

 Performance counter stats for '/scratch/rrdmatos/perf_cache_788683_20260527_000354/bin/qlearning_parallel --gridx 10 --gridy 10 --obstacles 0 --episodes 10000 --maxsteps 1000 --epsilon 0.3 --seed 54 --sync-mode statespace --quiet':

        19,957,032      L1-dcache-loads                                                      (11.33%)
         1,025,268      L1-dcache-load-misses            #    5.14% of all L1-dcache accesses  (99.28%)
           732,538      LLC-loads                                                            (90.05%)
           174,493      LLC-load-misses                  #   23.82% of all LL-cache accesses  (90.05%)
           926,583      cache-references                                                     (90.05%)
           116,731      cache-misses                     #   12.598 % of all cache refs      (12.76%)

       0.007222467 seconds time elapsed

       0.100057000 seconds user
       0.002942000 seconds sys


