
=== POLITICA APRENDIDA ===
(^ = cima, v = baixo, < = esq, > = dir)

+---+---+---+---+---+---+---+---+---+---+
| > | v | v | v | v | v | v | > | v | v |
+---+---+---+---+---+---+---+---+---+---+
| v | v | > | > | v | v | < | > | v | v |
+---+---+---+---+---+---+---+---+---+---+
| v | v | v | v | > | v | v | v | v | v |
+---+---+---+---+---+---+---+---+---+---+
| > | v | > | v | v | v | > | v | v | v |
+---+---+---+---+---+---+---+---+---+---+
| > | v | > | v | > | v | > | v | v | v |
+---+---+---+---+---+---+---+---+---+---+
| v | > | v | > | > | > | v | > | > | v |
+---+---+---+---+---+---+---+---+---+---+
| > | > | > | v | > | > | > | > | v | v |
+---+---+---+---+---+---+---+---+---+---+
| > | > | v | v | > | > | > | v | v | v |
+---+---+---+---+---+---+---+---+---+---+
| > | ^ | > | > | > | v | v | > | v | v |
+---+---+---+---+---+---+---+---+---+---+
| > | > | > | > | > | > | > | > | > | G |
+---+---+---+---+---+---+---+---+---+---+

=== DEMONSTRACAO DO CAMINHO ===
Caminho do agente do inicio ao objetivo:

Passo  1: Estado (0,0) -> Acao: DIR
Passo  2: Estado (0,1) -> Acao: BAIXO
Passo  3: Estado (1,1) -> Acao: BAIXO
Passo  4: Estado (2,1) -> Acao: BAIXO
Passo  5: Estado (3,1) -> Acao: BAIXO
Passo  6: Estado (4,1) -> Acao: BAIXO
Passo  7: Estado (5,1) -> Acao: DIR
Passo  8: Estado (5,2) -> Acao: BAIXO
Passo  9: Estado (6,2) -> Acao: DIR
Passo 10: Estado (6,3) -> Acao: BAIXO
Passo 11: Estado (7,3) -> Acao: BAIXO
Passo 12: Estado (8,3) -> Acao: DIR
Passo 13: Estado (8,4) -> Acao: DIR
Passo 14: Estado (8,5) -> Acao: BAIXO
Passo 15: Estado (9,5) -> Acao: DIR
Passo 16: Estado (9,6) -> Acao: DIR
Passo 17: Estado (9,7) -> Acao: DIR
Passo 18: Estado (9,8) -> Acao: DIR
Passo 19: Estado (9,9) -> OBJETIVO ALCANCADO!

Agente encontrou o caminho em 18 passos.

TRAINING_TIME_S: 0.007010
CONVERGED: yes

 Performance counter stats for '/scratch/rrdmatos/perf_cache_788683_20260527_000354/bin/qlearning_parallel --gridx 10 --gridy 10 --obstacles 0 --episodes 10000 --maxsteps 1000 --epsilon 0.3 --seed 54 --sync-mode hogwild --quiet':

        31,191,058      L1-dcache-loads                                                      (0.96%)
           528,809      L1-dcache-load-misses            #    1.70% of all L1-dcache accesses  (94.26%)
           939,585      LLC-loads                                                            (99.54%)
           345,605      LLC-load-misses                  #   36.78% of all LL-cache accesses  (99.54%)
         1,289,542      cache-references                                                     (99.54%)
           558,163      cache-misses                     #   43.284 % of all cache refs      (54.92%)

       0.008520457 seconds time elapsed

       0.127199000 seconds user
       0.000000000 seconds sys


