
=== POLITICA APRENDIDA ===
(^ = cima, v = baixo, < = esq, > = dir)

+---+---+---+---+---+---+---+---+---+---+
| v | > | > | v | v | > | > | v | v | v |
+---+---+---+---+---+---+---+---+---+---+
| v | v | v | v | v | v | v | v | v | v |
+---+---+---+---+---+---+---+---+---+---+
| > | > | > | v | v | v | v | v | v | v |
+---+---+---+---+---+---+---+---+---+---+
| > | > | v | > | v | v | v | v | > | v |
+---+---+---+---+---+---+---+---+---+---+
| v | v | v | v | v | v | v | v | > | v |
+---+---+---+---+---+---+---+---+---+---+
| > | > | > | > | > | > | v | v | v | v |
+---+---+---+---+---+---+---+---+---+---+
| v | > | > | > | > | > | v | v | v | v |
+---+---+---+---+---+---+---+---+---+---+
| > | v | > | > | > | > | > | v | v | v |
+---+---+---+---+---+---+---+---+---+---+
| > | > | > | > | > | > | > | v | v | v |
+---+---+---+---+---+---+---+---+---+---+
| > | > | > | > | > | > | > | > | > | G |
+---+---+---+---+---+---+---+---+---+---+

=== DEMONSTRACAO DO CAMINHO ===
Caminho do agente do inicio ao objetivo:

Passo  1: Estado (0,0) -> Acao: BAIXO
Passo  2: Estado (1,0) -> Acao: BAIXO
Passo  3: Estado (2,0) -> Acao: DIR
Passo  4: Estado (2,1) -> Acao: DIR
Passo  5: Estado (2,2) -> Acao: DIR
Passo  6: Estado (2,3) -> Acao: BAIXO
Passo  7: Estado (3,3) -> Acao: DIR
Passo  8: Estado (3,4) -> Acao: BAIXO
Passo  9: Estado (4,4) -> Acao: BAIXO
Passo 10: Estado (5,4) -> Acao: DIR
Passo 11: Estado (5,5) -> Acao: DIR
Passo 12: Estado (5,6) -> Acao: BAIXO
Passo 13: Estado (6,6) -> Acao: BAIXO
Passo 14: Estado (7,6) -> Acao: DIR
Passo 15: Estado (7,7) -> Acao: BAIXO
Passo 16: Estado (8,7) -> Acao: BAIXO
Passo 17: Estado (9,7) -> Acao: DIR
Passo 18: Estado (9,8) -> Acao: DIR
Passo 19: Estado (9,9) -> OBJETIVO ALCANCADO!

Agente encontrou o caminho em 18 passos.

TRAINING_TIME_S: 0.006022
CONVERGED: yes

 Performance counter stats for '/scratch/rrdmatos/perf_cache_788683_20260527_000354/bin/qlearning_parallel --gridx 10 --gridy 10 --obstacles 0 --episodes 10000 --maxsteps 1000 --epsilon 0.3 --seed 54 --sync-mode statespace --quiet':

        18,958,454      L1-dcache-loads                                                      (47.64%)
           954,488      L1-dcache-load-misses            #    5.03% of all L1-dcache accesses
           703,905      LLC-loads                                                            (61.58%)
           159,569      LLC-load-misses                  #   22.67% of all LL-cache accesses  (61.58%)
           886,918      cache-references                                                     (61.58%)
           203,831      cache-misses                     #   22.982 % of all cache refs      (12.19%)

       0.007546282 seconds time elapsed

       0.107965000 seconds user
       0.000000000 seconds sys


