
=== POLITICA APRENDIDA ===
(^ = cima, v = baixo, < = esq, > = dir)

+---+---+---+---+---+---+---+---+---+---+
| > | > | v | > | v | v | v | v | v | ^ |
+---+---+---+---+---+---+---+---+---+---+
| v | v | > | v | v | v | v | v | < | < |
+---+---+---+---+---+---+---+---+---+---+
| > | > | v | v | v | v | v | v | v | v |
+---+---+---+---+---+---+---+---+---+---+
| v | v | > | v | v | > | v | > | > | v |
+---+---+---+---+---+---+---+---+---+---+
| > | > | v | > | v | > | > | > | v | v |
+---+---+---+---+---+---+---+---+---+---+
| > | > | > | > | > | > | v | > | > | v |
+---+---+---+---+---+---+---+---+---+---+
| > | v | > | v | > | v | v | v | > | v |
+---+---+---+---+---+---+---+---+---+---+
| > | > | > | > | > | > | > | > | > | v |
+---+---+---+---+---+---+---+---+---+---+
| > | ^ | v | > | > | v | > | > | v | v |
+---+---+---+---+---+---+---+---+---+---+
| > | > | > | > | > | > | > | > | > | G |
+---+---+---+---+---+---+---+---+---+---+

=== DEMONSTRACAO DO CAMINHO ===
Caminho do agente do inicio ao objetivo:

Passo  1: Estado (0,0) -> Acao: DIR
Passo  2: Estado (0,1) -> Acao: DIR
Passo  3: Estado (0,2) -> Acao: BAIXO
Passo  4: Estado (1,2) -> Acao: DIR
Passo  5: Estado (1,3) -> Acao: BAIXO
Passo  6: Estado (2,3) -> Acao: BAIXO
Passo  7: Estado (3,3) -> Acao: BAIXO
Passo  8: Estado (4,3) -> Acao: DIR
Passo  9: Estado (4,4) -> Acao: BAIXO
Passo 10: Estado (5,4) -> Acao: DIR
Passo 11: Estado (5,5) -> Acao: DIR
Passo 12: Estado (5,6) -> Acao: BAIXO
Passo 13: Estado (6,6) -> Acao: BAIXO
Passo 14: Estado (7,6) -> Acao: DIR
Passo 15: Estado (7,7) -> Acao: DIR
Passo 16: Estado (7,8) -> Acao: DIR
Passo 17: Estado (7,9) -> Acao: BAIXO
Passo 18: Estado (8,9) -> Acao: BAIXO
Passo 19: Estado (9,9) -> OBJETIVO ALCANCADO!

Agente encontrou o caminho em 18 passos.

TRAINING_TIME_S: 0.007028
CONVERGED: yes

 Performance counter stats for '/scratch/rrdmatos/perf_cache_788683_20260527_000354/bin/qlearning_parallel --gridx 10 --gridy 10 --obstacles 0 --episodes 10000 --maxsteps 1000 --epsilon 0.3 --seed 54 --sync-mode hogwild --quiet':

        36,611,283      L1-dcache-loads                                                      (1.29%)
           584,080      L1-dcache-load-misses            #    1.60% of all L1-dcache accesses  (95.27%)
           975,714      LLC-loads                                                            (99.32%)
           358,341      LLC-load-misses                  #   36.73% of all LL-cache accesses  (99.32%)
         1,303,200      cache-references                                                     (99.32%)
           572,000      cache-misses                     #   43.892 % of all cache refs      (49.85%)

       0.008492083 seconds time elapsed

       0.127743000 seconds user
       0.000000000 seconds sys


