
=== POLITICA APRENDIDA ===
(^ = cima, v = baixo, < = esq, > = dir)

+---+---+---+---+---+---+---+---+---+---+
| v | > | > | > | > | v | v | v | v | v |
+---+---+---+---+---+---+---+---+---+---+
| v | > | v | > | v | v | v | v | v | v |
+---+---+---+---+---+---+---+---+---+---+
| > | > | > | > | > | > | v | > | v | v |
+---+---+---+---+---+---+---+---+---+---+
| v | > | v | > | v | v | v | > | v | v |
+---+---+---+---+---+---+---+---+---+---+
| v | > | > | v | v | v | v | > | v | v |
+---+---+---+---+---+---+---+---+---+---+
| v | v | > | v | > | > | v | > | v | v |
+---+---+---+---+---+---+---+---+---+---+
| > | > | > | v | > | v | v | v | v | v |
+---+---+---+---+---+---+---+---+---+---+
| > | > | > | > | > | v | v | v | v | v |
+---+---+---+---+---+---+---+---+---+---+
| > | > | > | > | v | v | > | v | v | v |
+---+---+---+---+---+---+---+---+---+---+
| > | > | > | > | > | > | > | > | > | G |
+---+---+---+---+---+---+---+---+---+---+

=== DEMONSTRACAO DO CAMINHO ===
Caminho do agente do inicio ao objetivo:

Passo  1: Estado (0,0) -> Acao: BAIXO
Passo  2: Estado (1,0) -> Acao: BAIXO
Passo  3: Estado (2,0) -> Acao: DIR
Passo  4: Estado (2,1) -> Acao: DIR
Passo  5: Estado (2,2) -> Acao: DIR
Passo  6: Estado (2,3) -> Acao: DIR
Passo  7: Estado (2,4) -> Acao: DIR
Passo  8: Estado (2,5) -> Acao: DIR
Passo  9: Estado (2,6) -> Acao: BAIXO
Passo 10: Estado (3,6) -> Acao: BAIXO
Passo 11: Estado (4,6) -> Acao: BAIXO
Passo 12: Estado (5,6) -> Acao: BAIXO
Passo 13: Estado (6,6) -> Acao: BAIXO
Passo 14: Estado (7,6) -> Acao: BAIXO
Passo 15: Estado (8,6) -> Acao: DIR
Passo 16: Estado (8,7) -> Acao: BAIXO
Passo 17: Estado (9,7) -> Acao: DIR
Passo 18: Estado (9,8) -> Acao: DIR
Passo 19: Estado (9,9) -> OBJETIVO ALCANCADO!

Agente encontrou o caminho em 18 passos.

TRAINING_TIME_S: 0.006547
CONVERGED: yes

 Performance counter stats for '/scratch/rrdmatos/perf_cache_788683_20260527_000354/bin/qlearning_parallel --gridx 10 --gridy 10 --obstacles 0 --episodes 10000 --maxsteps 1000 --epsilon 0.3 --seed 54 --sync-mode hogwild --quiet':

         3,370,530      L1-dcache-loads                                                      (0.45%)
           359,360      L1-dcache-load-misses            #   10.66% of all L1-dcache accesses  (66.86%)
           219,466      LLC-loads                                                            (99.66%)
             2,493      LLC-load-misses                  #    1.14% of all LL-cache accesses  (99.66%)
           349,954      cache-references                                                     (99.66%)
               520      cache-misses                     #    0.149 % of all cache refs      (49.79%)

       0.007943376 seconds time elapsed

       0.009714000 seconds user
       0.004857000 seconds sys


