
=== POLITICA APRENDIDA ===
(^ = cima, v = baixo, < = esq, > = dir)

+---+---+---+---+---+---+---+---+---+---+
| v | > | > | v | v | v | v | v | > | v |
+---+---+---+---+---+---+---+---+---+---+
| > | v | v | > | v | > | v | < | > | v |
+---+---+---+---+---+---+---+---+---+---+
| > | v | v | > | v | > | v | v | v | v |
+---+---+---+---+---+---+---+---+---+---+
| v | v | > | > | v | > | v | v | v | v |
+---+---+---+---+---+---+---+---+---+---+
| > | v | v | v | v | v | v | v | > | v |
+---+---+---+---+---+---+---+---+---+---+
| > | > | v | v | > | > | v | v | > | v |
+---+---+---+---+---+---+---+---+---+---+
| > | > | > | > | v | > | > | v | v | v |
+---+---+---+---+---+---+---+---+---+---+
| > | > | > | > | > | > | > | > | > | v |
+---+---+---+---+---+---+---+---+---+---+
| > | ^ | > | > | > | v | > | > | v | v |
+---+---+---+---+---+---+---+---+---+---+
| v | > | > | > | > | > | > | > | > | G |
+---+---+---+---+---+---+---+---+---+---+

=== DEMONSTRACAO DO CAMINHO ===
Caminho do agente do inicio ao objetivo:

Passo  1: Estado (0,0) -> Acao: BAIXO
Passo  2: Estado (1,0) -> Acao: DIR
Passo  3: Estado (1,1) -> Acao: BAIXO
Passo  4: Estado (2,1) -> Acao: BAIXO
Passo  5: Estado (3,1) -> Acao: BAIXO
Passo  6: Estado (4,1) -> Acao: BAIXO
Passo  7: Estado (5,1) -> Acao: DIR
Passo  8: Estado (5,2) -> Acao: BAIXO
Passo  9: Estado (6,2) -> Acao: DIR
Passo 10: Estado (6,3) -> Acao: DIR
Passo 11: Estado (6,4) -> Acao: BAIXO
Passo 12: Estado (7,4) -> Acao: DIR
Passo 13: Estado (7,5) -> Acao: DIR
Passo 14: Estado (7,6) -> Acao: DIR
Passo 15: Estado (7,7) -> Acao: DIR
Passo 16: Estado (7,8) -> Acao: DIR
Passo 17: Estado (7,9) -> Acao: BAIXO
Passo 18: Estado (8,9) -> Acao: BAIXO
Passo 19: Estado (9,9) -> OBJETIVO ALCANCADO!

Agente encontrou o caminho em 18 passos.

TRAINING_TIME_S: 0.006491
CONVERGED: yes

 Performance counter stats for '/scratch/rrdmatos/perf_cache_788683_20260527_000354/bin/qlearning_parallel --gridx 10 --gridy 10 --obstacles 0 --episodes 10000 --maxsteps 1000 --epsilon 0.3 --seed 54 --sync-mode hogwild --quiet':

         5,959,434      L1-dcache-loads                                                      (10.62%)
           417,037      L1-dcache-load-misses            #    7.00% of all L1-dcache accesses  (79.77%)
           255,909      LLC-loads                                                            (91.17%)
               126      LLC-load-misses                  #    0.05% of all LL-cache accesses  (91.17%)
           378,483      cache-references                                                     (91.17%)
               825      cache-misses                     #    0.218 % of all cache refs      (33.66%)

       0.007841853 seconds time elapsed

       0.014415000 seconds user
       0.000000000 seconds sys


