
=== POLITICA APRENDIDA ===
(^ = cima, v = baixo, < = esq, > = dir)

+---+---+---+---+---+---+---+---+---+---+
| v | > | > | v | > | > | v | v | > | v |
+---+---+---+---+---+---+---+---+---+---+
| v | > | > | > | v | v | v | < | v | v |
+---+---+---+---+---+---+---+---+---+---+
| > | > | > | > | v | v | v | v | v | v |
+---+---+---+---+---+---+---+---+---+---+
| > | > | > | > | v | > | v | v | v | < |
+---+---+---+---+---+---+---+---+---+---+
| v | > | > | > | v | > | v | v | v | v |
+---+---+---+---+---+---+---+---+---+---+
| > | > | v | v | > | > | > | v | > | v |
+---+---+---+---+---+---+---+---+---+---+
| v | > | > | > | v | > | > | > | v | v |
+---+---+---+---+---+---+---+---+---+---+
| > | > | > | > | > | > | v | > | v | v |
+---+---+---+---+---+---+---+---+---+---+
| v | > | > | > | v | > | > | v | > | v |
+---+---+---+---+---+---+---+---+---+---+
| > | > | > | > | > | > | > | > | > | G |
+---+---+---+---+---+---+---+---+---+---+

=== DEMONSTRACAO DO CAMINHO ===
Caminho do agente do inicio ao objetivo:

Passo  1: Estado (0,0) -> Acao: BAIXO
Passo  2: Estado (1,0) -> Acao: BAIXO
Passo  3: Estado (2,0) -> Acao: DIR
Passo  4: Estado (2,1) -> Acao: DIR
Passo  5: Estado (2,2) -> Acao: DIR
Passo  6: Estado (2,3) -> Acao: DIR
Passo  7: Estado (2,4) -> Acao: BAIXO
Passo  8: Estado (3,4) -> Acao: BAIXO
Passo  9: Estado (4,4) -> Acao: BAIXO
Passo 10: Estado (5,4) -> Acao: DIR
Passo 11: Estado (5,5) -> Acao: DIR
Passo 12: Estado (5,6) -> Acao: DIR
Passo 13: Estado (5,7) -> Acao: BAIXO
Passo 14: Estado (6,7) -> Acao: DIR
Passo 15: Estado (6,8) -> Acao: BAIXO
Passo 16: Estado (7,8) -> Acao: BAIXO
Passo 17: Estado (8,8) -> Acao: DIR
Passo 18: Estado (8,9) -> Acao: BAIXO
Passo 19: Estado (9,9) -> OBJETIVO ALCANCADO!

Agente encontrou o caminho em 18 passos.

TRAINING_TIME_S: 0.005822
CONVERGED: yes

 Performance counter stats for '/scratch/rrdmatos/perf_cache_788683_20260527_000354/bin/qlearning_parallel --gridx 10 --gridy 10 --obstacles 0 --episodes 10000 --maxsteps 1000 --epsilon 0.3 --seed 54 --sync-mode statespace --quiet':

         9,063,957      L1-dcache-loads                                                      (71.14%)
            86,894      L1-dcache-load-misses            #    0.96% of all L1-dcache accesses
            18,981      LLC-loads                                                            (44.80%)
               265      LLC-load-misses                  #    1.40% of all LL-cache accesses  (44.80%)
            40,648      cache-references                                                     (44.80%)
     <not counted>      cache-misses                                                  (0.00%)

       0.007193022 seconds time elapsed

       0.008740000 seconds user
       0.004370000 seconds sys


