
=== POLITICA APRENDIDA ===
(^ = cima, v = baixo, < = esq, > = dir)

+---+---+---+---+---+---+---+---+---+---+
| v | v | > | > | > | v | v | < | v | < |
+---+---+---+---+---+---+---+---+---+---+
| > | > | v | > | v | > | v | > | v | v |
+---+---+---+---+---+---+---+---+---+---+
| v | > | > | > | v | > | v | > | v | v |
+---+---+---+---+---+---+---+---+---+---+
| > | > | > | v | v | > | v | > | v | v |
+---+---+---+---+---+---+---+---+---+---+
| v | v | v | > | > | > | v | v | v | v |
+---+---+---+---+---+---+---+---+---+---+
| > | v | v | v | > | > | v | v | v | v |
+---+---+---+---+---+---+---+---+---+---+
| v | v | > | > | > | > | v | v | > | v |
+---+---+---+---+---+---+---+---+---+---+
| > | v | > | v | > | v | v | > | v | v |
+---+---+---+---+---+---+---+---+---+---+
| > | > | > | > | > | > | > | > | > | v |
+---+---+---+---+---+---+---+---+---+---+
| ^ | > | > | > | > | > | > | > | > | G |
+---+---+---+---+---+---+---+---+---+---+

=== DEMONSTRACAO DO CAMINHO ===
Caminho do agente do inicio ao objetivo:

Passo  1: Estado (0,0) -> Acao: BAIXO
Passo  2: Estado (1,0) -> Acao: DIR
Passo  3: Estado (1,1) -> Acao: DIR
Passo  4: Estado (1,2) -> Acao: BAIXO
Passo  5: Estado (2,2) -> Acao: DIR
Passo  6: Estado (2,3) -> Acao: DIR
Passo  7: Estado (2,4) -> Acao: BAIXO
Passo  8: Estado (3,4) -> Acao: BAIXO
Passo  9: Estado (4,4) -> Acao: DIR
Passo 10: Estado (4,5) -> Acao: DIR
Passo 11: Estado (4,6) -> Acao: BAIXO
Passo 12: Estado (5,6) -> Acao: BAIXO
Passo 13: Estado (6,6) -> Acao: BAIXO
Passo 14: Estado (7,6) -> Acao: BAIXO
Passo 15: Estado (8,6) -> Acao: DIR
Passo 16: Estado (8,7) -> Acao: DIR
Passo 17: Estado (8,8) -> Acao: DIR
Passo 18: Estado (8,9) -> Acao: BAIXO
Passo 19: Estado (9,9) -> OBJETIVO ALCANCADO!

Agente encontrou o caminho em 18 passos.

TRAINING_TIME_S: 0.006067
CONVERGED: yes

 Performance counter stats for '/scratch/rrdmatos/perf_cache_788683_20260527_000354/bin/qlearning_parallel --gridx 10 --gridy 10 --obstacles 0 --episodes 10000 --maxsteps 1000 --epsilon 0.3 --seed 54 --sync-mode sqrt --quiet':

         9,801,753      L1-dcache-loads                                                      (27.29%)
           106,058      L1-dcache-load-misses            #    1.08% of all L1-dcache accesses  (92.99%)
            27,495      LLC-loads                                                            (74.57%)
               183      LLC-load-misses                  #    0.67% of all LL-cache accesses  (74.57%)
            53,895      cache-references                                                     (74.57%)
             4,605      cache-misses                     #    8.544 % of all cache refs      (13.35%)

       0.007453567 seconds time elapsed

       0.013567000 seconds user
       0.000000000 seconds sys


