
=== POLITICA APRENDIDA ===
(^ = cima, v = baixo, < = esq, > = dir)

+---+---+---+---+---+---+---+---+---+---+
| v | > | > | > | v | v | v | v | > | v |
+---+---+---+---+---+---+---+---+---+---+
| v | > | v | v | > | v | v | v | v | v |
+---+---+---+---+---+---+---+---+---+---+
| > | v | v | > | v | v | > | v | v | v |
+---+---+---+---+---+---+---+---+---+---+
| v | > | > | > | > | v | > | v | v | v |
+---+---+---+---+---+---+---+---+---+---+
| > | > | v | > | v | > | > | > | v | < |
+---+---+---+---+---+---+---+---+---+---+
| v | v | v | > | v | v | > | v | v | v |
+---+---+---+---+---+---+---+---+---+---+
| > | v | v | v | v | > | v | v | v | v |
+---+---+---+---+---+---+---+---+---+---+
| > | > | > | > | > | > | > | v | v | v |
+---+---+---+---+---+---+---+---+---+---+
| v | ^ | v | > | v | v | > | v | > | v |
+---+---+---+---+---+---+---+---+---+---+
| > | > | > | > | > | > | > | > | > | G |
+---+---+---+---+---+---+---+---+---+---+

=== DEMONSTRACAO DO CAMINHO ===
Caminho do agente do inicio ao objetivo:

Passo  1: Estado (0,0) -> Acao: BAIXO
Passo  2: Estado (1,0) -> Acao: BAIXO
Passo  3: Estado (2,0) -> Acao: DIR
Passo  4: Estado (2,1) -> Acao: BAIXO
Passo  5: Estado (3,1) -> Acao: DIR
Passo  6: Estado (3,2) -> Acao: DIR
Passo  7: Estado (3,3) -> Acao: DIR
Passo  8: Estado (3,4) -> Acao: DIR
Passo  9: Estado (3,5) -> Acao: BAIXO
Passo 10: Estado (4,5) -> Acao: DIR
Passo 11: Estado (4,6) -> Acao: DIR
Passo 12: Estado (4,7) -> Acao: DIR
Passo 13: Estado (4,8) -> Acao: BAIXO
Passo 14: Estado (5,8) -> Acao: BAIXO
Passo 15: Estado (6,8) -> Acao: BAIXO
Passo 16: Estado (7,8) -> Acao: BAIXO
Passo 17: Estado (8,8) -> Acao: DIR
Passo 18: Estado (8,9) -> Acao: BAIXO
Passo 19: Estado (9,9) -> OBJETIVO ALCANCADO!

Agente encontrou o caminho em 18 passos.

TRAINING_TIME_S: 0.005938
CONVERGED: yes

 Performance counter stats for '/scratch/rrdmatos/perf_cache_788683_20260527_000354/bin/qlearning_parallel --gridx 10 --gridy 10 --obstacles 0 --episodes 10000 --maxsteps 1000 --epsilon 0.3 --seed 54 --sync-mode sqrt --quiet':

        10,703,692      L1-dcache-loads                                                      (32.84%)
           104,298      L1-dcache-load-misses            #    0.97% of all L1-dcache accesses  (97.06%)
            25,622      LLC-loads                                                            (68.11%)
               264      LLC-load-misses                  #    1.03% of all LL-cache accesses  (68.11%)
            49,403      cache-references                                                     (68.11%)
             3,396      cache-misses                     #    6.874 % of all cache refs      (5.74%)

       0.007349352 seconds time elapsed

       0.013367000 seconds user
       0.000000000 seconds sys


