
=== POLITICA APRENDIDA ===
(^ = cima, v = baixo, < = esq, > = dir)

+---+---+---+---+---+---+---+---+---+---+
| > | > | v | v | v | v | v | v | > | v |
+---+---+---+---+---+---+---+---+---+---+
| > | > | > | v | > | > | v | v | v | v |
+---+---+---+---+---+---+---+---+---+---+
| > | v | v | > | > | > | v | v | v | v |
+---+---+---+---+---+---+---+---+---+---+
| v | v | v | > | > | > | v | v | v | v |
+---+---+---+---+---+---+---+---+---+---+
| v | v | > | v | > | > | v | v | v | v |
+---+---+---+---+---+---+---+---+---+---+
| > | > | > | > | > | > | v | v | v | v |
+---+---+---+---+---+---+---+---+---+---+
| > | > | > | > | > | v | v | > | > | v |
+---+---+---+---+---+---+---+---+---+---+
| > | > | > | v | > | > | v | v | v | v |
+---+---+---+---+---+---+---+---+---+---+
| > | > | v | v | > | v | v | > | v | v |
+---+---+---+---+---+---+---+---+---+---+
| > | > | > | > | > | > | > | > | > | G |
+---+---+---+---+---+---+---+---+---+---+

=== DEMONSTRACAO DO CAMINHO ===
Caminho do agente do inicio ao objetivo:

Passo  1: Estado (0,0) -> Acao: DIR
Passo  2: Estado (0,1) -> Acao: DIR
Passo  3: Estado (0,2) -> Acao: BAIXO
Passo  4: Estado (1,2) -> Acao: DIR
Passo  5: Estado (1,3) -> Acao: BAIXO
Passo  6: Estado (2,3) -> Acao: DIR
Passo  7: Estado (2,4) -> Acao: DIR
Passo  8: Estado (2,5) -> Acao: DIR
Passo  9: Estado (2,6) -> Acao: BAIXO
Passo 10: Estado (3,6) -> Acao: BAIXO
Passo 11: Estado (4,6) -> Acao: BAIXO
Passo 12: Estado (5,6) -> Acao: BAIXO
Passo 13: Estado (6,6) -> Acao: BAIXO
Passo 14: Estado (7,6) -> Acao: BAIXO
Passo 15: Estado (8,6) -> Acao: BAIXO
Passo 16: Estado (9,6) -> Acao: DIR
Passo 17: Estado (9,7) -> Acao: DIR
Passo 18: Estado (9,8) -> Acao: DIR
Passo 19: Estado (9,9) -> OBJETIVO ALCANCADO!

Agente encontrou o caminho em 18 passos.

TRAINING_TIME_S: 0.005743
CONVERGED: yes

 Performance counter stats for '/scratch/rrdmatos/perf_cache_788683_20260527_000354/bin/qlearning_parallel --gridx 10 --gridy 10 --obstacles 0 --episodes 10000 --maxsteps 1000 --epsilon 0.3 --seed 54 --sync-mode statespace --quiet':

         7,776,450      L1-dcache-loads                                                      (18.33%)
            85,594      L1-dcache-load-misses            #    1.10% of all L1-dcache accesses  (89.42%)
            17,845      LLC-loads                                                            (83.43%)
               165      LLC-load-misses                  #    0.92% of all LL-cache accesses  (83.43%)
            34,722      cache-references                                                     (83.43%)
             2,167      cache-misses                     #    6.241 % of all cache refs      (19.15%)

       0.007138607 seconds time elapsed

       0.012977000 seconds user
       0.000000000 seconds sys


