
=== POLITICA APRENDIDA ===
(^ = cima, v = baixo, < = esq, > = dir)

+---+---+---+---+---+---+---+---+---+---+
| v | > | > | > | v | v | v | < | > | v |
+---+---+---+---+---+---+---+---+---+---+
| > | > | > | v | v | > | v | v | v | v |
+---+---+---+---+---+---+---+---+---+---+
| v | v | v | v | v | v | v | < | v | v |
+---+---+---+---+---+---+---+---+---+---+
| > | > | > | > | v | > | v | v | v | v |
+---+---+---+---+---+---+---+---+---+---+
| > | > | > | v | > | > | v | v | v | v |
+---+---+---+---+---+---+---+---+---+---+
| v | v | v | v | > | > | > | > | v | v |
+---+---+---+---+---+---+---+---+---+---+
| > | > | > | > | > | > | v | > | v | v |
+---+---+---+---+---+---+---+---+---+---+
| > | > | > | > | > | > | v | v | > | v |
+---+---+---+---+---+---+---+---+---+---+
| > | > | v | ^ | v | > | v | > | > | v |
+---+---+---+---+---+---+---+---+---+---+
| > | > | > | > | > | > | > | > | > | G |
+---+---+---+---+---+---+---+---+---+---+

=== DEMONSTRACAO DO CAMINHO ===
Caminho do agente do inicio ao objetivo:

Passo  1: Estado (0,0) -> Acao: BAIXO
Passo  2: Estado (1,0) -> Acao: DIR
Passo  3: Estado (1,1) -> Acao: DIR
Passo  4: Estado (1,2) -> Acao: DIR
Passo  5: Estado (1,3) -> Acao: BAIXO
Passo  6: Estado (2,3) -> Acao: BAIXO
Passo  7: Estado (3,3) -> Acao: DIR
Passo  8: Estado (3,4) -> Acao: BAIXO
Passo  9: Estado (4,4) -> Acao: DIR
Passo 10: Estado (4,5) -> Acao: DIR
Passo 11: Estado (4,6) -> Acao: BAIXO
Passo 12: Estado (5,6) -> Acao: DIR
Passo 13: Estado (5,7) -> Acao: DIR
Passo 14: Estado (5,8) -> Acao: BAIXO
Passo 15: Estado (6,8) -> Acao: BAIXO
Passo 16: Estado (7,8) -> Acao: DIR
Passo 17: Estado (7,9) -> Acao: BAIXO
Passo 18: Estado (8,9) -> Acao: BAIXO
Passo 19: Estado (9,9) -> OBJETIVO ALCANCADO!

Agente encontrou o caminho em 18 passos.

TRAINING_TIME_S: 0.005774
CONVERGED: yes

 Performance counter stats for '/scratch/rrdmatos/perf_cache_788683_20260527_000354/bin/qlearning_parallel --gridx 10 --gridy 10 --obstacles 0 --episodes 10000 --maxsteps 1000 --epsilon 0.3 --seed 54 --sync-mode statespace --quiet':

         8,045,625      L1-dcache-loads                                                      (58.98%)
            98,793      L1-dcache-load-misses            #    1.23% of all L1-dcache accesses
            22,381      LLC-loads                                                            (58.18%)
               223      LLC-load-misses                  #    1.00% of all LL-cache accesses  (58.18%)
            50,414      cache-references                                                     (58.18%)
     <not counted>      cache-misses                                                  (0.00%)

       0.007118407 seconds time elapsed

       0.012976000 seconds user
       0.000000000 seconds sys


