
=== POLITICA APRENDIDA ===
(^ = cima, v = baixo, < = esq, > = dir)

+---+---+---+---+---+---+---+---+---+---+
| v | v | > | v | v | v | v | v | > | v |
+---+---+---+---+---+---+---+---+---+---+
| v | > | v | v | v | v | < | v | > | v |
+---+---+---+---+---+---+---+---+---+---+
| v | v | > | v | > | v | v | v | v | v |
+---+---+---+---+---+---+---+---+---+---+
| v | v | v | v | > | v | v | v | v | v |
+---+---+---+---+---+---+---+---+---+---+
| > | > | > | > | > | v | > | > | v | v |
+---+---+---+---+---+---+---+---+---+---+
| v | > | > | v | > | > | > | > | v | v |
+---+---+---+---+---+---+---+---+---+---+
| > | > | v | > | v | > | > | > | v | v |
+---+---+---+---+---+---+---+---+---+---+
| v | > | > | > | > | > | > | > | v | v |
+---+---+---+---+---+---+---+---+---+---+
| > | v | > | > | > | v | v | v | v | v |
+---+---+---+---+---+---+---+---+---+---+
| > | > | > | > | > | > | > | > | > | G |
+---+---+---+---+---+---+---+---+---+---+

=== DEMONSTRACAO DO CAMINHO ===
Caminho do agente do inicio ao objetivo:

Passo  1: Estado (0,0) -> Acao: BAIXO
Passo  2: Estado (1,0) -> Acao: BAIXO
Passo  3: Estado (2,0) -> Acao: BAIXO
Passo  4: Estado (3,0) -> Acao: BAIXO
Passo  5: Estado (4,0) -> Acao: DIR
Passo  6: Estado (4,1) -> Acao: DIR
Passo  7: Estado (4,2) -> Acao: DIR
Passo  8: Estado (4,3) -> Acao: DIR
Passo  9: Estado (4,4) -> Acao: DIR
Passo 10: Estado (4,5) -> Acao: BAIXO
Passo 11: Estado (5,5) -> Acao: DIR
Passo 12: Estado (5,6) -> Acao: DIR
Passo 13: Estado (5,7) -> Acao: DIR
Passo 14: Estado (5,8) -> Acao: BAIXO
Passo 15: Estado (6,8) -> Acao: BAIXO
Passo 16: Estado (7,8) -> Acao: BAIXO
Passo 17: Estado (8,8) -> Acao: BAIXO
Passo 18: Estado (9,8) -> Acao: DIR
Passo 19: Estado (9,9) -> OBJETIVO ALCANCADO!

Agente encontrou o caminho em 18 passos.

TRAINING_TIME_S: 0.005986
CONVERGED: yes

 Performance counter stats for '/scratch/rrdmatos/perf_cache_788683_20260527_000354/bin/qlearning_parallel --gridx 10 --gridy 10 --obstacles 0 --episodes 10000 --maxsteps 1000 --epsilon 0.3 --seed 54 --sync-mode sqrt --quiet':

         8,649,760      L1-dcache-loads                                                      (21.69%)
           113,694      L1-dcache-load-misses            #    1.31% of all L1-dcache accesses  (89.71%)
            28,919      LLC-loads                                                            (80.34%)
               202      LLC-load-misses                  #    0.70% of all LL-cache accesses  (80.34%)
            60,189      cache-references                                                     (80.34%)
             1,226      cache-misses                     #    2.037 % of all cache refs      (18.68%)

       0.007483659 seconds time elapsed

       0.013558000 seconds user
       0.000000000 seconds sys


