
=== POLITICA APRENDIDA ===
(^ = cima, v = baixo, < = esq, > = dir)

+---+---+---+---+---+---+---+---+---+---+
| > | > | > | > | > | > | v | > | v | v |
+---+---+---+---+---+---+---+---+---+---+
| v | > | v | v | > | v | v | v | v | v |
+---+---+---+---+---+---+---+---+---+---+
| v | v | v | v | > | v | > | v | v | v |
+---+---+---+---+---+---+---+---+---+---+
| v | v | > | > | > | > | > | > | v | v |
+---+---+---+---+---+---+---+---+---+---+
| v | v | > | v | v | > | > | > | v | v |
+---+---+---+---+---+---+---+---+---+---+
| > | v | > | v | v | > | > | v | > | v |
+---+---+---+---+---+---+---+---+---+---+
| v | > | v | v | v | v | > | v | v | v |
+---+---+---+---+---+---+---+---+---+---+
| > | > | > | > | > | > | > | v | > | v |
+---+---+---+---+---+---+---+---+---+---+
| > | > | > | > | > | > | > | > | > | v |
+---+---+---+---+---+---+---+---+---+---+
| v | > | > | > | > | > | > | > | > | G |
+---+---+---+---+---+---+---+---+---+---+

=== DEMONSTRACAO DO CAMINHO ===
Caminho do agente do inicio ao objetivo:

Passo  1: Estado (0,0) -> Acao: DIR
Passo  2: Estado (0,1) -> Acao: DIR
Passo  3: Estado (0,2) -> Acao: DIR
Passo  4: Estado (0,3) -> Acao: DIR
Passo  5: Estado (0,4) -> Acao: DIR
Passo  6: Estado (0,5) -> Acao: DIR
Passo  7: Estado (0,6) -> Acao: BAIXO
Passo  8: Estado (1,6) -> Acao: BAIXO
Passo  9: Estado (2,6) -> Acao: DIR
Passo 10: Estado (2,7) -> Acao: BAIXO
Passo 11: Estado (3,7) -> Acao: DIR
Passo 12: Estado (3,8) -> Acao: BAIXO
Passo 13: Estado (4,8) -> Acao: BAIXO
Passo 14: Estado (5,8) -> Acao: DIR
Passo 15: Estado (5,9) -> Acao: BAIXO
Passo 16: Estado (6,9) -> Acao: BAIXO
Passo 17: Estado (7,9) -> Acao: BAIXO
Passo 18: Estado (8,9) -> Acao: BAIXO
Passo 19: Estado (9,9) -> OBJETIVO ALCANCADO!

Agente encontrou o caminho em 18 passos.

TRAINING_TIME_S: 0.010769
CONVERGED: yes

 Performance counter stats for '/scratch/rrdmatos/perf_cache_788683_20260527_000354/bin/qlearning_parallel --gridx 10 --gridy 10 --obstacles 0 --episodes 10000 --maxsteps 1000 --epsilon 0.3 --seed 54 --sync-mode sqrt --quiet':

        54,628,629      L1-dcache-loads                                                      (10.66%)
         1,535,805      L1-dcache-load-misses            #    2.81% of all L1-dcache accesses  (75.75%)
         1,738,180      LLC-loads                                                            (93.23%)
           599,787      LLC-load-misses                  #   34.51% of all LL-cache accesses  (94.69%)
         2,652,358      cache-references                                                     (94.69%)
           885,880      cache-misses                     #   33.400 % of all cache refs      (56.07%)

       0.012402045 seconds time elapsed

       0.390039000 seconds user
       0.003823000 seconds sys


