
=== POLITICA APRENDIDA ===
(^ = cima, v = baixo, < = esq, > = dir)

+---+---+---+---+---+---+---+---+---+---+
| > | v | > | v | v | v | v | > | v | v |
+---+---+---+---+---+---+---+---+---+---+
| v | v | > | > | v | > | v | v | v | v |
+---+---+---+---+---+---+---+---+---+---+
| v | v | v | > | > | > | > | v | < | v |
+---+---+---+---+---+---+---+---+---+---+
| v | > | v | v | > | > | v | v | v | v |
+---+---+---+---+---+---+---+---+---+---+
| v | v | v | > | v | > | > | v | > | v |
+---+---+---+---+---+---+---+---+---+---+
| > | > | v | v | v | v | > | v | > | v |
+---+---+---+---+---+---+---+---+---+---+
| > | v | > | v | v | > | > | > | v | v |
+---+---+---+---+---+---+---+---+---+---+
| > | > | v | > | > | > | > | v | v | v |
+---+---+---+---+---+---+---+---+---+---+
| > | > | > | > | > | > | v | v | v | v |
+---+---+---+---+---+---+---+---+---+---+
| > | > | > | > | > | > | > | > | > | G |
+---+---+---+---+---+---+---+---+---+---+

=== DEMONSTRACAO DO CAMINHO ===
Caminho do agente do inicio ao objetivo:

Passo  1: Estado (0,0) -> Acao: DIR
Passo  2: Estado (0,1) -> Acao: BAIXO
Passo  3: Estado (1,1) -> Acao: BAIXO
Passo  4: Estado (2,1) -> Acao: BAIXO
Passo  5: Estado (3,1) -> Acao: DIR
Passo  6: Estado (3,2) -> Acao: BAIXO
Passo  7: Estado (4,2) -> Acao: BAIXO
Passo  8: Estado (5,2) -> Acao: BAIXO
Passo  9: Estado (6,2) -> Acao: DIR
Passo 10: Estado (6,3) -> Acao: BAIXO
Passo 11: Estado (7,3) -> Acao: DIR
Passo 12: Estado (7,4) -> Acao: DIR
Passo 13: Estado (7,5) -> Acao: DIR
Passo 14: Estado (7,6) -> Acao: DIR
Passo 15: Estado (7,7) -> Acao: BAIXO
Passo 16: Estado (8,7) -> Acao: BAIXO
Passo 17: Estado (9,7) -> Acao: DIR
Passo 18: Estado (9,8) -> Acao: DIR
Passo 19: Estado (9,9) -> OBJETIVO ALCANCADO!

Agente encontrou o caminho em 18 passos.

TRAINING_TIME_S: 0.007215
CONVERGED: yes

 Performance counter stats for '/scratch/rrdmatos/perf_cache_788683_20260527_000354/bin/qlearning_parallel --gridx 10 --gridy 10 --obstacles 0 --episodes 10000 --maxsteps 1000 --epsilon 0.3 --seed 54 --sync-mode hogwild --quiet':

        33,569,649      L1-dcache-loads                                                      (24.96%)
         1,319,020      L1-dcache-load-misses            #    3.93% of all L1-dcache accesses  (99.60%)
         1,322,141      LLC-loads                                                            (78.43%)
           438,001      LLC-load-misses                  #   33.13% of all LL-cache accesses  (78.43%)
         1,619,415      cache-references                                                     (78.43%)
           370,707      cache-misses                     #   22.891 % of all cache refs      (13.97%)

       0.008840968 seconds time elapsed

       0.250309000 seconds user
       0.000000000 seconds sys


