
=== POLITICA APRENDIDA ===
(^ = cima, v = baixo, < = esq, > = dir)

+---+---+---+---+---+---+---+---+---+---+
| > | v | v | > | > | v | > | v | v | v |
+---+---+---+---+---+---+---+---+---+---+
| > | v | > | v | v | v | v | v | v | v |
+---+---+---+---+---+---+---+---+---+---+
| v | v | < | > | v | v | v | v | v | v |
+---+---+---+---+---+---+---+---+---+---+
| > | v | v | v | > | v | v | v | v | v |
+---+---+---+---+---+---+---+---+---+---+
| > | > | > | v | v | > | v | v | v | v |
+---+---+---+---+---+---+---+---+---+---+
| v | > | > | > | > | v | v | v | v | v |
+---+---+---+---+---+---+---+---+---+---+
| v | v | > | > | > | > | v | v | v | v |
+---+---+---+---+---+---+---+---+---+---+
| v | > | > | > | > | > | v | v | v | v |
+---+---+---+---+---+---+---+---+---+---+
| > | > | > | > | > | > | > | > | > | v |
+---+---+---+---+---+---+---+---+---+---+
| > | > | > | > | > | > | > | > | > | G |
+---+---+---+---+---+---+---+---+---+---+

=== DEMONSTRACAO DO CAMINHO ===
Caminho do agente do inicio ao objetivo:

Passo  1: Estado (0,0) -> Acao: DIR
Passo  2: Estado (0,1) -> Acao: BAIXO
Passo  3: Estado (1,1) -> Acao: BAIXO
Passo  4: Estado (2,1) -> Acao: BAIXO
Passo  5: Estado (3,1) -> Acao: BAIXO
Passo  6: Estado (4,1) -> Acao: DIR
Passo  7: Estado (4,2) -> Acao: DIR
Passo  8: Estado (4,3) -> Acao: BAIXO
Passo  9: Estado (5,3) -> Acao: DIR
Passo 10: Estado (5,4) -> Acao: DIR
Passo 11: Estado (5,5) -> Acao: BAIXO
Passo 12: Estado (6,5) -> Acao: DIR
Passo 13: Estado (6,6) -> Acao: BAIXO
Passo 14: Estado (7,6) -> Acao: BAIXO
Passo 15: Estado (8,6) -> Acao: DIR
Passo 16: Estado (8,7) -> Acao: DIR
Passo 17: Estado (8,8) -> Acao: DIR
Passo 18: Estado (8,9) -> Acao: BAIXO
Passo 19: Estado (9,9) -> OBJETIVO ALCANCADO!

Agente encontrou o caminho em 18 passos.

TRAINING_TIME_S: 0.007032
CONVERGED: yes

 Performance counter stats for '/scratch/rrdmatos/perf_cache_788683_20260527_000354/bin/qlearning_parallel --gridx 10 --gridy 10 --obstacles 0 --episodes 10000 --maxsteps 1000 --epsilon 0.3 --seed 54 --sync-mode statespace --quiet':

        59,405,030      L1-dcache-loads                                                      (0.81%)
           543,136      L1-dcache-load-misses            #    0.91% of all L1-dcache accesses  (97.21%)
           836,507      LLC-loads                                                            (99.61%)
           235,926      LLC-load-misses                  #   28.20% of all LL-cache accesses  (99.61%)
         1,175,357      cache-references                                                     (99.61%)
           417,384      cache-misses                     #   35.511 % of all cache refs      (53.48%)

       0.008739119 seconds time elapsed

       0.237929000 seconds user
       0.005948000 seconds sys


