
=== POLITICA APRENDIDA ===
(^ = cima, v = baixo, < = esq, > = dir)

+---+---+---+---+---+---+---+---+---+---+
| > | v | v | v | > | v | v | > | > | v |
+---+---+---+---+---+---+---+---+---+---+
| > | v | > | v | v | > | v | v | v | v |
+---+---+---+---+---+---+---+---+---+---+
| v | v | > | > | v | v | v | v | v | v |
+---+---+---+---+---+---+---+---+---+---+
| v | < | > | > | > | > | v | v | v | v |
+---+---+---+---+---+---+---+---+---+---+
| v | > | v | > | > | v | v | v | > | v |
+---+---+---+---+---+---+---+---+---+---+
| v | > | > | v | v | > | > | v | v | v |
+---+---+---+---+---+---+---+---+---+---+
| > | > | > | > | > | > | > | v | > | v |
+---+---+---+---+---+---+---+---+---+---+
| > | v | > | > | > | > | > | > | > | v |
+---+---+---+---+---+---+---+---+---+---+
| > | > | > | > | > | > | > | > | > | v |
+---+---+---+---+---+---+---+---+---+---+
| > | > | > | > | > | > | > | > | > | G |
+---+---+---+---+---+---+---+---+---+---+

=== DEMONSTRACAO DO CAMINHO ===
Caminho do agente do inicio ao objetivo:

Passo  1: Estado (0,0) -> Acao: DIR
Passo  2: Estado (0,1) -> Acao: BAIXO
Passo  3: Estado (1,1) -> Acao: BAIXO
Passo  4: Estado (2,1) -> Acao: BAIXO
Passo  5: Estado (3,1) -> Acao: ESQ
Passo  6: Estado (3,0) -> Acao: BAIXO
Passo  7: Estado (4,0) -> Acao: BAIXO
Passo  8: Estado (5,0) -> Acao: BAIXO
Passo  9: Estado (6,0) -> Acao: DIR
Passo 10: Estado (6,1) -> Acao: DIR
Passo 11: Estado (6,2) -> Acao: DIR
Passo 12: Estado (6,3) -> Acao: DIR
Passo 13: Estado (6,4) -> Acao: DIR
Passo 14: Estado (6,5) -> Acao: DIR
Passo 15: Estado (6,6) -> Acao: DIR
Passo 16: Estado (6,7) -> Acao: BAIXO
Passo 17: Estado (7,7) -> Acao: DIR
Passo 18: Estado (7,8) -> Acao: DIR
Passo 19: Estado (7,9) -> Acao: BAIXO
Passo 20: Estado (8,9) -> Acao: BAIXO
Passo 21: Estado (9,9) -> OBJETIVO ALCANCADO!

Agente encontrou o caminho em 20 passos.

TRAINING_TIME_S: 0.013472
CONVERGED: yes

 Performance counter stats for '/scratch/rrdmatos/perf_cache_788683_20260527_000354/bin/qlearning_parallel --gridx 10 --gridy 10 --obstacles 0 --episodes 10000 --maxsteps 1000 --epsilon 0.3 --seed 54 --sync-mode sqrt --quiet':

        61,239,403      L1-dcache-loads                                                      (1.59%)
           429,384      L1-dcache-load-misses            #    0.70% of all L1-dcache accesses  (90.34%)
           961,803      LLC-loads                                                            (97.46%)
           481,880      LLC-load-misses                  #   50.10% of all LL-cache accesses  (99.37%)
         2,660,580      cache-references                                                     (99.91%)
           887,143      cache-misses                     #   33.344 % of all cache refs      (81.05%)

       0.015171502 seconds time elapsed

       0.502932000 seconds user
       0.000000000 seconds sys


