
=== POLITICA APRENDIDA ===
(^ = cima, v = baixo, < = esq, > = dir)

+---+---+---+---+---+---+---+---+---+---+
| > | v | > | > | v | v | v | v | > | v |
+---+---+---+---+---+---+---+---+---+---+
| v | v | > | v | v | v | v | v | v | v |
+---+---+---+---+---+---+---+---+---+---+
| v | > | v | > | > | v | v | > | v | v |
+---+---+---+---+---+---+---+---+---+---+
| v | v | > | v | v | v | v | v | v | v |
+---+---+---+---+---+---+---+---+---+---+
| v | v | v | > | > | > | v | > | v | v |
+---+---+---+---+---+---+---+---+---+---+
| v | v | > | > | v | > | v | > | > | v |
+---+---+---+---+---+---+---+---+---+---+
| > | > | > | v | v | v | v | > | > | v |
+---+---+---+---+---+---+---+---+---+---+
| > | > | > | v | > | > | v | > | > | v |
+---+---+---+---+---+---+---+---+---+---+
| > | > | > | > | > | > | > | > | v | v |
+---+---+---+---+---+---+---+---+---+---+
| > | > | > | > | > | > | > | > | > | G |
+---+---+---+---+---+---+---+---+---+---+

=== DEMONSTRACAO DO CAMINHO ===
Caminho do agente do inicio ao objetivo:

Passo  1: Estado (0,0) -> Acao: DIR
Passo  2: Estado (0,1) -> Acao: BAIXO
Passo  3: Estado (1,1) -> Acao: BAIXO
Passo  4: Estado (2,1) -> Acao: DIR
Passo  5: Estado (2,2) -> Acao: BAIXO
Passo  6: Estado (3,2) -> Acao: DIR
Passo  7: Estado (3,3) -> Acao: BAIXO
Passo  8: Estado (4,3) -> Acao: DIR
Passo  9: Estado (4,4) -> Acao: DIR
Passo 10: Estado (4,5) -> Acao: DIR
Passo 11: Estado (4,6) -> Acao: BAIXO
Passo 12: Estado (5,6) -> Acao: BAIXO
Passo 13: Estado (6,6) -> Acao: BAIXO
Passo 14: Estado (7,6) -> Acao: BAIXO
Passo 15: Estado (8,6) -> Acao: DIR
Passo 16: Estado (8,7) -> Acao: DIR
Passo 17: Estado (8,8) -> Acao: BAIXO
Passo 18: Estado (9,8) -> Acao: DIR
Passo 19: Estado (9,9) -> OBJETIVO ALCANCADO!

Agente encontrou o caminho em 18 passos.

TRAINING_TIME_S: 0.007270
CONVERGED: yes

 Performance counter stats for '/scratch/rrdmatos/perf_cache_788683_20260527_000354/bin/qlearning_parallel --gridx 10 --gridy 10 --obstacles 0 --episodes 10000 --maxsteps 1000 --epsilon 0.3 --seed 54 --sync-mode hogwild --quiet':

        32,473,750      L1-dcache-loads                                                      (3.76%)
           990,488      L1-dcache-load-misses            #    3.05% of all L1-dcache accesses  (97.96%)
         1,099,361      LLC-loads                                                            (97.91%)
           387,595      LLC-load-misses                  #   35.26% of all LL-cache accesses  (97.91%)
         1,422,109      cache-references                                                     (97.91%)
           655,541      cache-misses                     #   46.096 % of all cache refs      (45.53%)

       0.008937131 seconds time elapsed

       0.231225000 seconds user
       0.009249000 seconds sys


