
=== POLITICA APRENDIDA ===
(^ = cima, v = baixo, < = esq, > = dir)

+---+---+---+---+---+---+---+---+---+---+
| > | > | > | > | > | v | > | v | v | v |
+---+---+---+---+---+---+---+---+---+---+
| v | > | v | v | > | v | > | v | v | v |
+---+---+---+---+---+---+---+---+---+---+
| > | > | > | v | v | > | v | > | v | v |
+---+---+---+---+---+---+---+---+---+---+
| v | v | v | v | v | v | v | > | v | v |
+---+---+---+---+---+---+---+---+---+---+
| > | v | > | > | > | > | > | v | v | v |
+---+---+---+---+---+---+---+---+---+---+
| v | v | v | > | > | > | > | > | v | v |
+---+---+---+---+---+---+---+---+---+---+
| > | > | > | v | v | > | v | > | v | v |
+---+---+---+---+---+---+---+---+---+---+
| > | > | > | > | > | > | > | > | > | v |
+---+---+---+---+---+---+---+---+---+---+
| > | > | > | > | > | > | > | > | > | v |
+---+---+---+---+---+---+---+---+---+---+
| > | > | > | > | > | > | > | > | > | G |
+---+---+---+---+---+---+---+---+---+---+

=== DEMONSTRACAO DO CAMINHO ===
Caminho do agente do inicio ao objetivo:

Passo  1: Estado (0,0) -> Acao: DIR
Passo  2: Estado (0,1) -> Acao: DIR
Passo  3: Estado (0,2) -> Acao: DIR
Passo  4: Estado (0,3) -> Acao: DIR
Passo  5: Estado (0,4) -> Acao: DIR
Passo  6: Estado (0,5) -> Acao: BAIXO
Passo  7: Estado (1,5) -> Acao: BAIXO
Passo  8: Estado (2,5) -> Acao: DIR
Passo  9: Estado (2,6) -> Acao: BAIXO
Passo 10: Estado (3,6) -> Acao: BAIXO
Passo 11: Estado (4,6) -> Acao: DIR
Passo 12: Estado (4,7) -> Acao: BAIXO
Passo 13: Estado (5,7) -> Acao: DIR
Passo 14: Estado (5,8) -> Acao: BAIXO
Passo 15: Estado (6,8) -> Acao: BAIXO
Passo 16: Estado (7,8) -> Acao: DIR
Passo 17: Estado (7,9) -> Acao: BAIXO
Passo 18: Estado (8,9) -> Acao: BAIXO
Passo 19: Estado (9,9) -> OBJETIVO ALCANCADO!

Agente encontrou o caminho em 18 passos.

TRAINING_TIME_S: 0.006674
CONVERGED: yes

 Performance counter stats for '/scratch/rrdmatos/perf_cache_788683_20260527_000354/bin/qlearning_parallel --gridx 10 --gridy 10 --obstacles 0 --episodes 10000 --maxsteps 1000 --epsilon 0.3 --seed 54 --sync-mode statespace --quiet':

        38,794,498      L1-dcache-loads                                                      (2.40%)
           733,426      L1-dcache-load-misses            #    1.89% of all L1-dcache accesses  (98.28%)
           832,721      LLC-loads                                                            (98.56%)
           237,212      LLC-load-misses                  #   28.49% of all LL-cache accesses  (98.56%)
         1,137,882      cache-references                                                     (98.56%)
           413,771      cache-misses                     #   36.363 % of all cache refs      (41.23%)

       0.008346507 seconds time elapsed

       0.219489000 seconds user
       0.009339000 seconds sys


