
=== POLITICA APRENDIDA ===
(^ = cima, v = baixo, < = esq, > = dir)

+---+---+---+---+---+---+---+---+---+---+
| v | > | v | > | > | > | > | v | > | v |
+---+---+---+---+---+---+---+---+---+---+
| > | > | > | > | v | > | v | v | v | v |
+---+---+---+---+---+---+---+---+---+---+
| v | v | v | v | v | v | > | v | v | v |
+---+---+---+---+---+---+---+---+---+---+
| v | > | > | v | v | > | v | > | v | v |
+---+---+---+---+---+---+---+---+---+---+
| > | v | v | > | v | > | > | v | v | v |
+---+---+---+---+---+---+---+---+---+---+
| ^ | > | > | v | v | > | > | v | v | v |
+---+---+---+---+---+---+---+---+---+---+
| v | > | > | v | v | v | v | v | v | v |
+---+---+---+---+---+---+---+---+---+---+
| > | v | v | v | v | > | v | > | > | v |
+---+---+---+---+---+---+---+---+---+---+
| ^ | > | > | v | > | v | v | > | > | v |
+---+---+---+---+---+---+---+---+---+---+
| > | > | > | > | > | > | > | > | > | G |
+---+---+---+---+---+---+---+---+---+---+

=== DEMONSTRACAO DO CAMINHO ===
Caminho do agente do inicio ao objetivo:

Passo  1: Estado (0,0) -> Acao: BAIXO
Passo  2: Estado (1,0) -> Acao: DIR
Passo  3: Estado (1,1) -> Acao: DIR
Passo  4: Estado (1,2) -> Acao: DIR
Passo  5: Estado (1,3) -> Acao: DIR
Passo  6: Estado (1,4) -> Acao: BAIXO
Passo  7: Estado (2,4) -> Acao: BAIXO
Passo  8: Estado (3,4) -> Acao: BAIXO
Passo  9: Estado (4,4) -> Acao: BAIXO
Passo 10: Estado (5,4) -> Acao: BAIXO
Passo 11: Estado (6,4) -> Acao: BAIXO
Passo 12: Estado (7,4) -> Acao: BAIXO
Passo 13: Estado (8,4) -> Acao: DIR
Passo 14: Estado (8,5) -> Acao: BAIXO
Passo 15: Estado (9,5) -> Acao: DIR
Passo 16: Estado (9,6) -> Acao: DIR
Passo 17: Estado (9,7) -> Acao: DIR
Passo 18: Estado (9,8) -> Acao: DIR
Passo 19: Estado (9,9) -> OBJETIVO ALCANCADO!

Agente encontrou o caminho em 18 passos.

TRAINING_TIME_S: 0.004277
CONVERGED: yes

 Performance counter stats for '/scratch/rrdmatos/perf_cache_788683_20260527_000354/bin/qlearning_parallel --gridx 10 --gridy 10 --obstacles 0 --episodes 10000 --maxsteps 1000 --epsilon 0.3 --seed 54 --sync-mode hogwild --quiet':

         8,470,686      L1-dcache-loads                                                      (4.32%)
           604,791      L1-dcache-load-misses            #    7.14% of all L1-dcache accesses  (96.33%)
           369,034      LLC-loads                                                            (96.11%)
             1,413      LLC-load-misses                  #    0.38% of all LL-cache accesses  (96.11%)
           552,269      cache-references                                                     (96.11%)
             1,910      cache-misses                     #    0.346 % of all cache refs      (13.24%)

       0.005671408 seconds time elapsed

       0.014627000 seconds user
       0.003656000 seconds sys


