
=== POLITICA APRENDIDA ===
(^ = cima, v = baixo, < = esq, > = dir)

+---+---+---+---+---+---+---+---+---+---+
| > | > | v | > | v | > | > | v | v | v |
+---+---+---+---+---+---+---+---+---+---+
| > | > | v | v | > | v | > | > | v | v |
+---+---+---+---+---+---+---+---+---+---+
| v | v | v | > | > | v | > | v | v | v |
+---+---+---+---+---+---+---+---+---+---+
| v | v | v | > | > | > | > | > | > | v |
+---+---+---+---+---+---+---+---+---+---+
| v | > | v | > | > | > | v | > | v | v |
+---+---+---+---+---+---+---+---+---+---+
| > | > | > | > | > | > | > | v | v | v |
+---+---+---+---+---+---+---+---+---+---+
| > | v | v | v | v | v | > | v | > | v |
+---+---+---+---+---+---+---+---+---+---+
| > | v | v | > | > | v | v | > | v | v |
+---+---+---+---+---+---+---+---+---+---+
| > | v | > | > | v | > | > | > | > | v |
+---+---+---+---+---+---+---+---+---+---+
| > | > | > | > | > | > | > | > | > | G |
+---+---+---+---+---+---+---+---+---+---+

=== DEMONSTRACAO DO CAMINHO ===
Caminho do agente do inicio ao objetivo:

Passo  1: Estado (0,0) -> Acao: DIR
Passo  2: Estado (0,1) -> Acao: DIR
Passo  3: Estado (0,2) -> Acao: BAIXO
Passo  4: Estado (1,2) -> Acao: BAIXO
Passo  5: Estado (2,2) -> Acao: BAIXO
Passo  6: Estado (3,2) -> Acao: BAIXO
Passo  7: Estado (4,2) -> Acao: BAIXO
Passo  8: Estado (5,2) -> Acao: DIR
Passo  9: Estado (5,3) -> Acao: DIR
Passo 10: Estado (5,4) -> Acao: DIR
Passo 11: Estado (5,5) -> Acao: DIR
Passo 12: Estado (5,6) -> Acao: DIR
Passo 13: Estado (5,7) -> Acao: BAIXO
Passo 14: Estado (6,7) -> Acao: BAIXO
Passo 15: Estado (7,7) -> Acao: DIR
Passo 16: Estado (7,8) -> Acao: BAIXO
Passo 17: Estado (8,8) -> Acao: DIR
Passo 18: Estado (8,9) -> Acao: BAIXO
Passo 19: Estado (9,9) -> OBJETIVO ALCANCADO!

Agente encontrou o caminho em 18 passos.

TRAINING_TIME_S: 0.004204
CONVERGED: yes

 Performance counter stats for '/scratch/rrdmatos/perf_cache_788683_20260527_000354/bin/qlearning_parallel --gridx 10 --gridy 10 --obstacles 0 --episodes 10000 --maxsteps 1000 --epsilon 0.3 --seed 54 --sync-mode hogwild --quiet':

         8,693,301      L1-dcache-loads                                                      (88.51%)
           716,093      L1-dcache-load-misses            #    8.24% of all L1-dcache accesses
           444,860      LLC-loads                                                            (34.19%)
               374      LLC-load-misses                  #    0.08% of all LL-cache accesses  (34.19%)
           612,681      cache-references                                                     (34.19%)
     <not counted>      cache-misses                                                  (0.00%)

       0.005509333 seconds time elapsed

       0.017948000 seconds user
       0.000000000 seconds sys


