
=== POLITICA APRENDIDA ===
(^ = cima, v = baixo, < = esq, > = dir)

+---+---+---+---+---+---+---+---+---+---+
| v | v | v | v | v | > | v | v | v | v |
+---+---+---+---+---+---+---+---+---+---+
| > | v | v | v | v | v | v | > | v | v |
+---+---+---+---+---+---+---+---+---+---+
| > | v | > | v | > | v | v | v | v | < |
+---+---+---+---+---+---+---+---+---+---+
| > | > | > | v | v | v | v | > | v | v |
+---+---+---+---+---+---+---+---+---+---+
| v | v | v | > | v | v | v | > | v | v |
+---+---+---+---+---+---+---+---+---+---+
| > | > | > | > | v | > | > | > | v | v |
+---+---+---+---+---+---+---+---+---+---+
| > | > | > | > | v | v | > | > | v | v |
+---+---+---+---+---+---+---+---+---+---+
| > | > | > | > | > | v | v | v | v | v |
+---+---+---+---+---+---+---+---+---+---+
| v | v | v | > | > | v | > | v | > | v |
+---+---+---+---+---+---+---+---+---+---+
| > | > | > | > | > | > | > | > | > | G |
+---+---+---+---+---+---+---+---+---+---+

=== DEMONSTRACAO DO CAMINHO ===
Caminho do agente do inicio ao objetivo:

Passo  1: Estado (0,0) -> Acao: BAIXO
Passo  2: Estado (1,0) -> Acao: DIR
Passo  3: Estado (1,1) -> Acao: BAIXO
Passo  4: Estado (2,1) -> Acao: BAIXO
Passo  5: Estado (3,1) -> Acao: DIR
Passo  6: Estado (3,2) -> Acao: DIR
Passo  7: Estado (3,3) -> Acao: BAIXO
Passo  8: Estado (4,3) -> Acao: DIR
Passo  9: Estado (4,4) -> Acao: BAIXO
Passo 10: Estado (5,4) -> Acao: BAIXO
Passo 11: Estado (6,4) -> Acao: BAIXO
Passo 12: Estado (7,4) -> Acao: DIR
Passo 13: Estado (7,5) -> Acao: BAIXO
Passo 14: Estado (8,5) -> Acao: BAIXO
Passo 15: Estado (9,5) -> Acao: DIR
Passo 16: Estado (9,6) -> Acao: DIR
Passo 17: Estado (9,7) -> Acao: DIR
Passo 18: Estado (9,8) -> Acao: DIR
Passo 19: Estado (9,9) -> OBJETIVO ALCANCADO!

Agente encontrou o caminho em 18 passos.

TRAINING_TIME_S: 0.003691
CONVERGED: yes

 Performance counter stats for '/scratch/rrdmatos/perf_cache_788683_20260527_000354/bin/qlearning_parallel --gridx 10 --gridy 10 --obstacles 0 --episodes 10000 --maxsteps 1000 --epsilon 0.3 --seed 54 --sync-mode statespace --quiet':

        10,353,003      L1-dcache-loads                                                      (91.29%)
           169,145      L1-dcache-load-misses            #    1.63% of all L1-dcache accesses
            58,610      LLC-loads                                                            (27.64%)
               557      LLC-load-misses                  #    0.95% of all LL-cache accesses  (27.64%)
           112,574      cache-references                                                     (27.64%)
     <not counted>      cache-misses                                                  (0.00%)

       0.005093707 seconds time elapsed

       0.016061000 seconds user
       0.000000000 seconds sys


