
=== POLITICA APRENDIDA ===
(^ = cima, v = baixo, < = esq, > = dir)

+---+---+---+---+---+---+---+---+---+---+
| > | v | v | > | v | v | v | > | > | v |
+---+---+---+---+---+---+---+---+---+---+
| > | > | > | > | v | v | v | v | v | v |
+---+---+---+---+---+---+---+---+---+---+
| > | v | v | v | v | v | v | v | v | v |
+---+---+---+---+---+---+---+---+---+---+
| v | v | v | v | v | v | v | v | v | v |
+---+---+---+---+---+---+---+---+---+---+
| > | v | v | v | > | v | v | v | v | v |
+---+---+---+---+---+---+---+---+---+---+
| > | > | > | v | v | v | v | v | v | v |
+---+---+---+---+---+---+---+---+---+---+
| > | > | > | > | v | > | v | v | v | v |
+---+---+---+---+---+---+---+---+---+---+
| > | > | > | v | v | v | v | v | v | v |
+---+---+---+---+---+---+---+---+---+---+
| v | > | > | v | v | > | v | > | > | v |
+---+---+---+---+---+---+---+---+---+---+
| > | > | > | > | > | > | > | > | > | G |
+---+---+---+---+---+---+---+---+---+---+

=== DEMONSTRACAO DO CAMINHO ===
Caminho do agente do inicio ao objetivo:

Passo  1: Estado (0,0) -> Acao: DIR
Passo  2: Estado (0,1) -> Acao: BAIXO
Passo  3: Estado (1,1) -> Acao: DIR
Passo  4: Estado (1,2) -> Acao: DIR
Passo  5: Estado (1,3) -> Acao: DIR
Passo  6: Estado (1,4) -> Acao: BAIXO
Passo  7: Estado (2,4) -> Acao: BAIXO
Passo  8: Estado (3,4) -> Acao: BAIXO
Passo  9: Estado (4,4) -> Acao: DIR
Passo 10: Estado (4,5) -> Acao: BAIXO
Passo 11: Estado (5,5) -> Acao: BAIXO
Passo 12: Estado (6,5) -> Acao: DIR
Passo 13: Estado (6,6) -> Acao: BAIXO
Passo 14: Estado (7,6) -> Acao: BAIXO
Passo 15: Estado (8,6) -> Acao: BAIXO
Passo 16: Estado (9,6) -> Acao: DIR
Passo 17: Estado (9,7) -> Acao: DIR
Passo 18: Estado (9,8) -> Acao: DIR
Passo 19: Estado (9,9) -> OBJETIVO ALCANCADO!

Agente encontrou o caminho em 18 passos.

TRAINING_TIME_S: 0.004228
CONVERGED: yes

 Performance counter stats for '/scratch/rrdmatos/perf_cache_788683_20260527_000354/bin/qlearning_parallel --gridx 10 --gridy 10 --obstacles 0 --episodes 10000 --maxsteps 1000 --epsilon 0.3 --seed 54 --sync-mode sqrt --quiet':

         6,054,981      L1-dcache-loads                                                      (0.92%)
           251,952      L1-dcache-load-misses            #    4.16% of all L1-dcache accesses  (92.53%)
           123,210      LLC-loads                                                            (99.25%)
             1,963      LLC-load-misses                  #    1.59% of all LL-cache accesses  (99.25%)
           224,082      cache-references                                                     (99.25%)
             2,933      cache-misses                     #    1.309 % of all cache refs      (24.41%)

       0.005584432 seconds time elapsed

       0.014465000 seconds user
       0.003616000 seconds sys


