
=== POLITICA APRENDIDA ===
(^ = cima, v = baixo, < = esq, > = dir)

+---+---+---+---+---+---+---+---+---+---+
| > | v | v | v | v | v | v | v | v | ^ |
+---+---+---+---+---+---+---+---+---+---+
| > | > | > | v | v | v | v | v | v | < |
+---+---+---+---+---+---+---+---+---+---+
| v | > | > | v | v | v | v | v | v | v |
+---+---+---+---+---+---+---+---+---+---+
| v | > | > | v | > | > | v | v | v | v |
+---+---+---+---+---+---+---+---+---+---+
| > | > | > | v | > | v | > | > | v | v |
+---+---+---+---+---+---+---+---+---+---+
| > | v | v | > | > | > | v | v | v | v |
+---+---+---+---+---+---+---+---+---+---+
| > | > | > | > | v | v | > | > | v | v |
+---+---+---+---+---+---+---+---+---+---+
| > | > | > | > | > | v | v | v | v | v |
+---+---+---+---+---+---+---+---+---+---+
| v | v | > | > | v | v | > | v | v | v |
+---+---+---+---+---+---+---+---+---+---+
| > | > | > | > | > | > | > | > | > | G |
+---+---+---+---+---+---+---+---+---+---+

=== DEMONSTRACAO DO CAMINHO ===
Caminho do agente do inicio ao objetivo:

Passo  1: Estado (0,0) -> Acao: DIR
Passo  2: Estado (0,1) -> Acao: BAIXO
Passo  3: Estado (1,1) -> Acao: DIR
Passo  4: Estado (1,2) -> Acao: DIR
Passo  5: Estado (1,3) -> Acao: BAIXO
Passo  6: Estado (2,3) -> Acao: BAIXO
Passo  7: Estado (3,3) -> Acao: BAIXO
Passo  8: Estado (4,3) -> Acao: BAIXO
Passo  9: Estado (5,3) -> Acao: DIR
Passo 10: Estado (5,4) -> Acao: DIR
Passo 11: Estado (5,5) -> Acao: DIR
Passo 12: Estado (5,6) -> Acao: BAIXO
Passo 13: Estado (6,6) -> Acao: DIR
Passo 14: Estado (6,7) -> Acao: DIR
Passo 15: Estado (6,8) -> Acao: BAIXO
Passo 16: Estado (7,8) -> Acao: BAIXO
Passo 17: Estado (8,8) -> Acao: BAIXO
Passo 18: Estado (9,8) -> Acao: DIR
Passo 19: Estado (9,9) -> OBJETIVO ALCANCADO!

Agente encontrou o caminho em 18 passos.

TRAINING_TIME_S: 0.004178
CONVERGED: yes

 Performance counter stats for '/scratch/rrdmatos/perf_cache_788683_20260527_000354/bin/qlearning_parallel --gridx 10 --gridy 10 --obstacles 0 --episodes 10000 --maxsteps 1000 --epsilon 0.3 --seed 54 --sync-mode sqrt --quiet':

         6,566,715      L1-dcache-loads                                                      (68.07%)
           308,793      L1-dcache-load-misses            #    4.70% of all L1-dcache accesses
           116,481      LLC-loads                                                            (65.24%)
               200      LLC-load-misses                  #    0.17% of all LL-cache accesses  (65.24%)
           193,509      cache-references                                                     (65.24%)
     <not counted>      cache-misses                                                  (0.00%)

       0.005528538 seconds time elapsed

       0.017888000 seconds user
       0.000000000 seconds sys


