
=== POLITICA APRENDIDA ===
(^ = cima, v = baixo, < = esq, > = dir)

+---+---+---+---+---+---+---+---+---+---+
| > | v | v | > | v | > | v | v | v | v |
+---+---+---+---+---+---+---+---+---+---+
| v | v | v | v | > | > | v | < | v | v |
+---+---+---+---+---+---+---+---+---+---+
| > | v | > | v | > | > | v | v | v | v |
+---+---+---+---+---+---+---+---+---+---+
| > | v | v | > | > | v | v | v | > | v |
+---+---+---+---+---+---+---+---+---+---+
| v | v | v | > | > | v | > | > | v | v |
+---+---+---+---+---+---+---+---+---+---+
| > | > | v | > | > | > | > | > | v | v |
+---+---+---+---+---+---+---+---+---+---+
| v | > | > | > | v | > | > | v | > | v |
+---+---+---+---+---+---+---+---+---+---+
| v | ^ | > | v | > | > | v | > | v | v |
+---+---+---+---+---+---+---+---+---+---+
| > | > | > | > | v | v | v | > | > | v |
+---+---+---+---+---+---+---+---+---+---+
| > | > | > | > | > | > | > | > | > | G |
+---+---+---+---+---+---+---+---+---+---+

=== DEMONSTRACAO DO CAMINHO ===
Caminho do agente do inicio ao objetivo:

Passo  1: Estado (0,0) -> Acao: DIR
Passo  2: Estado (0,1) -> Acao: BAIXO
Passo  3: Estado (1,1) -> Acao: BAIXO
Passo  4: Estado (2,1) -> Acao: BAIXO
Passo  5: Estado (3,1) -> Acao: BAIXO
Passo  6: Estado (4,1) -> Acao: BAIXO
Passo  7: Estado (5,1) -> Acao: DIR
Passo  8: Estado (5,2) -> Acao: BAIXO
Passo  9: Estado (6,2) -> Acao: DIR
Passo 10: Estado (6,3) -> Acao: DIR
Passo 11: Estado (6,4) -> Acao: BAIXO
Passo 12: Estado (7,4) -> Acao: DIR
Passo 13: Estado (7,5) -> Acao: DIR
Passo 14: Estado (7,6) -> Acao: BAIXO
Passo 15: Estado (8,6) -> Acao: BAIXO
Passo 16: Estado (9,6) -> Acao: DIR
Passo 17: Estado (9,7) -> Acao: DIR
Passo 18: Estado (9,8) -> Acao: DIR
Passo 19: Estado (9,9) -> OBJETIVO ALCANCADO!

Agente encontrou o caminho em 18 passos.

TRAINING_TIME_S: 0.003396
CONVERGED: yes

 Performance counter stats for '/scratch/rrdmatos/perf_cache_788683_20260527_000354/bin/qlearning_parallel --gridx 10 --gridy 10 --obstacles 0 --episodes 10000 --maxsteps 1000 --epsilon 0.3 --seed 54 --sync-mode hogwild --quiet':

         3,449,995      L1-dcache-loads                                                      (58.85%)
           866,168      L1-dcache-load-misses            #   25.11% of all L1-dcache accesses  (99.94%)
           479,591      LLC-loads                                                            (93.97%)
               482      LLC-load-misses                  #    0.10% of all LL-cache accesses  (94.04%)
           686,599      cache-references                                                     (94.04%)
     <not counted>      cache-misses                                                  (0.00%)

       0.004777126 seconds time elapsed

       0.017794000 seconds user
       0.008897000 seconds sys


