
=== POLITICA APRENDIDA ===
(^ = cima, v = baixo, < = esq, > = dir)

+---+---+---+---+---+---+---+---+---+---+
| > | > | > | v | > | > | v | v | < | v |
+---+---+---+---+---+---+---+---+---+---+
| v | > | > | > | v | v | v | v | v | v |
+---+---+---+---+---+---+---+---+---+---+
| v | v | v | v | v | > | > | v | v | v |
+---+---+---+---+---+---+---+---+---+---+
| v | > | v | v | > | v | v | v | > | v |
+---+---+---+---+---+---+---+---+---+---+
| > | > | > | v | v | > | v | v | > | v |
+---+---+---+---+---+---+---+---+---+---+
| > | > | v | v | v | v | v | v | > | v |
+---+---+---+---+---+---+---+---+---+---+
| v | > | v | > | > | > | v | > | v | v |
+---+---+---+---+---+---+---+---+---+---+
| v | v | v | > | v | v | > | v | v | v |
+---+---+---+---+---+---+---+---+---+---+
| > | > | > | > | v | > | > | v | > | v |
+---+---+---+---+---+---+---+---+---+---+
| ^ | > | > | > | > | > | > | > | > | G |
+---+---+---+---+---+---+---+---+---+---+

=== DEMONSTRACAO DO CAMINHO ===
Caminho do agente do inicio ao objetivo:

Passo  1: Estado (0,0) -> Acao: DIR
Passo  2: Estado (0,1) -> Acao: DIR
Passo  3: Estado (0,2) -> Acao: DIR
Passo  4: Estado (0,3) -> Acao: BAIXO
Passo  5: Estado (1,3) -> Acao: DIR
Passo  6: Estado (1,4) -> Acao: BAIXO
Passo  7: Estado (2,4) -> Acao: BAIXO
Passo  8: Estado (3,4) -> Acao: DIR
Passo  9: Estado (3,5) -> Acao: BAIXO
Passo 10: Estado (4,5) -> Acao: DIR
Passo 11: Estado (4,6) -> Acao: BAIXO
Passo 12: Estado (5,6) -> Acao: BAIXO
Passo 13: Estado (6,6) -> Acao: BAIXO
Passo 14: Estado (7,6) -> Acao: DIR
Passo 15: Estado (7,7) -> Acao: BAIXO
Passo 16: Estado (8,7) -> Acao: BAIXO
Passo 17: Estado (9,7) -> Acao: DIR
Passo 18: Estado (9,8) -> Acao: DIR
Passo 19: Estado (9,9) -> OBJETIVO ALCANCADO!

Agente encontrou o caminho em 18 passos.

TRAINING_TIME_S: 0.003437
CONVERGED: yes

 Performance counter stats for '/scratch/rrdmatos/perf_cache_788683_20260527_000354/bin/qlearning_parallel --gridx 10 --gridy 10 --obstacles 0 --episodes 10000 --maxsteps 1000 --epsilon 0.3 --seed 54 --sync-mode hogwild --quiet':

         8,953,560      L1-dcache-loads                                                      (95.30%)
           707,252      L1-dcache-load-misses            #    7.90% of all L1-dcache accesses
           432,281      LLC-loads                                                            (28.32%)
               868      LLC-load-misses                  #    0.20% of all LL-cache accesses  (28.32%)
           688,370      cache-references                                                     (28.32%)
     <not counted>      cache-misses                                                  (0.00%)

       0.004959746 seconds time elapsed

       0.026530000 seconds user
       0.000000000 seconds sys


