
=== POLITICA APRENDIDA ===
(^ = cima, v = baixo, < = esq, > = dir)

+---+---+---+---+---+---+---+---+---+---+
| > | v | v | v | > | v | > | v | v | v |
+---+---+---+---+---+---+---+---+---+---+
| v | > | v | v | > | v | v | v | v | v |
+---+---+---+---+---+---+---+---+---+---+
| > | v | v | v | > | v | v | v | v | ^ |
+---+---+---+---+---+---+---+---+---+---+
| > | > | > | > | > | v | v | v | v | v |
+---+---+---+---+---+---+---+---+---+---+
| v | > | v | v | > | v | v | v | v | v |
+---+---+---+---+---+---+---+---+---+---+
| > | > | > | > | > | > | v | v | v | v |
+---+---+---+---+---+---+---+---+---+---+
| > | > | > | > | > | > | > | v | v | v |
+---+---+---+---+---+---+---+---+---+---+
| v | > | > | v | v | v | v | v | v | v |
+---+---+---+---+---+---+---+---+---+---+
| > | > | v | > | v | v | > | > | > | v |
+---+---+---+---+---+---+---+---+---+---+
| > | > | > | > | > | > | > | > | > | G |
+---+---+---+---+---+---+---+---+---+---+

=== DEMONSTRACAO DO CAMINHO ===
Caminho do agente do inicio ao objetivo:

Passo  1: Estado (0,0) -> Acao: DIR
Passo  2: Estado (0,1) -> Acao: BAIXO
Passo  3: Estado (1,1) -> Acao: DIR
Passo  4: Estado (1,2) -> Acao: BAIXO
Passo  5: Estado (2,2) -> Acao: BAIXO
Passo  6: Estado (3,2) -> Acao: DIR
Passo  7: Estado (3,3) -> Acao: DIR
Passo  8: Estado (3,4) -> Acao: DIR
Passo  9: Estado (3,5) -> Acao: BAIXO
Passo 10: Estado (4,5) -> Acao: BAIXO
Passo 11: Estado (5,5) -> Acao: DIR
Passo 12: Estado (5,6) -> Acao: BAIXO
Passo 13: Estado (6,6) -> Acao: DIR
Passo 14: Estado (6,7) -> Acao: BAIXO
Passo 15: Estado (7,7) -> Acao: BAIXO
Passo 16: Estado (8,7) -> Acao: DIR
Passo 17: Estado (8,8) -> Acao: DIR
Passo 18: Estado (8,9) -> Acao: BAIXO
Passo 19: Estado (9,9) -> OBJETIVO ALCANCADO!

Agente encontrou o caminho em 18 passos.

TRAINING_TIME_S: 0.004378
CONVERGED: yes

 Performance counter stats for '/scratch/rrdmatos/perf_cache_788683_20260527_000354/bin/qlearning_parallel --gridx 10 --gridy 10 --obstacles 0 --episodes 10000 --maxsteps 1000 --epsilon 0.3 --seed 54 --sync-mode sqrt --quiet':

        11,606,407      L1-dcache-loads                                                      (91.65%)
           906,430      L1-dcache-load-misses            #    7.81% of all L1-dcache accesses
           515,212      LLC-loads                                                            (42.09%)
               641      LLC-load-misses                  #    0.12% of all LL-cache accesses  (42.09%)
           692,420      cache-references                                                     (42.09%)
     <not counted>      cache-misses                                                  (0.00%)

       0.005774944 seconds time elapsed

       0.034752000 seconds user
       0.000000000 seconds sys


